Archive member included to satisfy reference by file (symbol)

/usr/bin/../lib/gcc/arm-none-eabi/13.2.1/thumb/v7-m/nofp/libgcc.a(_aeabi_uldivmod.o)
                              CMakeFiles/target.elf.dir/Drivers/STM32L1xx_HAL_Driver/Src/stm32l1xx_hal_rcc.c.obj (__aeabi_uldivmod)
/usr/bin/../lib/gcc/arm-none-eabi/13.2.1/thumb/v7-m/nofp/libgcc.a(_udivmoddi4.o)
                              /usr/bin/../lib/gcc/arm-none-eabi/13.2.1/thumb/v7-m/nofp/libgcc.a(_aeabi_uldivmod.o) (__udivmoddi4)
/usr/bin/../lib/gcc/arm-none-eabi/13.2.1/thumb/v7-m/nofp/libgcc.a(_dvmd_tls.o)
                              /usr/bin/../lib/gcc/arm-none-eabi/13.2.1/thumb/v7-m/nofp/libgcc.a(_aeabi_uldivmod.o) (__aeabi_ldiv0)
/usr/bin/../lib/gcc/arm-none-eabi/13.2.1/../../../../arm-none-eabi/lib/thumb/v7-m/nofp/libc.a(libc_a-exit.o)
                              /usr/bin/../lib/gcc/arm-none-eabi/13.2.1/../../../../arm-none-eabi/lib/thumb/v7-m/nofp/crt0.o (exit)
/usr/bin/../lib/gcc/arm-none-eabi/13.2.1/../../../../arm-none-eabi/lib/thumb/v7-m/nofp/libc.a(libc_a-errno.o)
                              CMakeFiles/target.elf.dir/Core/Src/syscalls.c.obj (__errno)
/usr/bin/../lib/gcc/arm-none-eabi/13.2.1/../../../../arm-none-eabi/lib/thumb/v7-m/nofp/libc.a(libc_a-__call_atexit.o)
                              /usr/bin/../lib/gcc/arm-none-eabi/13.2.1/../../../../arm-none-eabi/lib/thumb/v7-m/nofp/libc.a(libc_a-exit.o) (__call_exitprocs)
/usr/bin/../lib/gcc/arm-none-eabi/13.2.1/../../../../arm-none-eabi/lib/thumb/v7-m/nofp/libc.a(libc_a-memset.o)
                              /usr/bin/../lib/gcc/arm-none-eabi/13.2.1/../../../../arm-none-eabi/lib/thumb/v7-m/nofp/crt0.o (memset)
/usr/bin/../lib/gcc/arm-none-eabi/13.2.1/../../../../arm-none-eabi/lib/thumb/v7-m/nofp/libc.a(libc_a-init.o)
                              /usr/bin/../lib/gcc/arm-none-eabi/13.2.1/../../../../arm-none-eabi/lib/thumb/v7-m/nofp/crt0.o (__libc_init_array)
/usr/bin/../lib/gcc/arm-none-eabi/13.2.1/../../../../arm-none-eabi/lib/thumb/v7-m/nofp/libc.a(libc_a-fini.o)
                              /usr/bin/../lib/gcc/arm-none-eabi/13.2.1/../../../../arm-none-eabi/lib/thumb/v7-m/nofp/libc.a(libc_a-__call_atexit.o) (__libc_fini_array)
/usr/bin/../lib/gcc/arm-none-eabi/13.2.1/../../../../arm-none-eabi/lib/thumb/v7-m/nofp/libc.a(libc_a-lock.o)
                              /usr/bin/../lib/gcc/arm-none-eabi/13.2.1/../../../../arm-none-eabi/lib/thumb/v7-m/nofp/libc.a(libc_a-__call_atexit.o) (__retarget_lock_acquire_recursive)
/usr/bin/../lib/gcc/arm-none-eabi/13.2.1/../../../../arm-none-eabi/lib/thumb/v7-m/nofp/libc.a(libc_a-atexit.o)
                              /usr/bin/../lib/gcc/arm-none-eabi/13.2.1/../../../../arm-none-eabi/lib/thumb/v7-m/nofp/libc.a(libc_a-__call_atexit.o) (atexit)
/usr/bin/../lib/gcc/arm-none-eabi/13.2.1/../../../../arm-none-eabi/lib/thumb/v7-m/nofp/libc.a(libc_a-impure.o)
                              /usr/bin/../lib/gcc/arm-none-eabi/13.2.1/../../../../arm-none-eabi/lib/thumb/v7-m/nofp/libc.a(libc_a-errno.o) (_impure_ptr)
/usr/bin/../lib/gcc/arm-none-eabi/13.2.1/../../../../arm-none-eabi/lib/thumb/v7-m/nofp/libc.a(libc_a-findfp.o)
                              /usr/bin/../lib/gcc/arm-none-eabi/13.2.1/../../../../arm-none-eabi/lib/thumb/v7-m/nofp/libc.a(libc_a-impure.o) (__sf)
/usr/bin/../lib/gcc/arm-none-eabi/13.2.1/../../../../arm-none-eabi/lib/thumb/v7-m/nofp/libc.a(libc_a-strlen-stub.o)
                              CMakeFiles/target.elf.dir/Core/Src/UART/serial.c.obj (strlen)
/usr/bin/../lib/gcc/arm-none-eabi/13.2.1/../../../../arm-none-eabi/lib/thumb/v7-m/nofp/libc.a(libc_a-snprintf.o)
                              CMakeFiles/target.elf.dir/Core/Src/index.c.obj (snprintf)
/usr/bin/../lib/gcc/arm-none-eabi/13.2.1/../../../../arm-none-eabi/lib/thumb/v7-m/nofp/libc.a(libc_a-stdio.o)
                              /usr/bin/../lib/gcc/arm-none-eabi/13.2.1/../../../../arm-none-eabi/lib/thumb/v7-m/nofp/libc.a(libc_a-findfp.o) (__sread)
/usr/bin/../lib/gcc/arm-none-eabi/13.2.1/../../../../arm-none-eabi/lib/thumb/v7-m/nofp/libc.a(libc_a-fwalk.o)
                              /usr/bin/../lib/gcc/arm-none-eabi/13.2.1/../../../../arm-none-eabi/lib/thumb/v7-m/nofp/libc.a(libc_a-findfp.o) (_fwalk_sglue)
/usr/bin/../lib/gcc/arm-none-eabi/13.2.1/../../../../arm-none-eabi/lib/thumb/v7-m/nofp/libc.a(libc_a-writer.o)
                              /usr/bin/../lib/gcc/arm-none-eabi/13.2.1/../../../../arm-none-eabi/lib/thumb/v7-m/nofp/libc.a(libc_a-stdio.o) (_write_r)
/usr/bin/../lib/gcc/arm-none-eabi/13.2.1/../../../../arm-none-eabi/lib/thumb/v7-m/nofp/libc.a(libc_a-svfprintf.o)
                              /usr/bin/../lib/gcc/arm-none-eabi/13.2.1/../../../../arm-none-eabi/lib/thumb/v7-m/nofp/libc.a(libc_a-snprintf.o) (_svfprintf_r)
/usr/bin/../lib/gcc/arm-none-eabi/13.2.1/../../../../arm-none-eabi/lib/thumb/v7-m/nofp/libc.a(libc_a-__atexit.o)
[...]
Memory Configuration

Name             Origin             Length             Attributes
RAM              0x20000000         0x00014000         xrw
FLASH            0x08000000         0x00080000         xr
*default*        0x00000000         0xffffffff

Linker script and memory map

LOAD /usr/bin/../lib/gcc/arm-none-eabi/13.2.1/thumb/v7-m/nofp/crti.o
LOAD /usr/bin/../lib/gcc/arm-none-eabi/13.2.1/thumb/v7-m/nofp/crtbegin.o
LOAD /usr/bin/../lib/gcc/arm-none-eabi/13.2.1/../../../../arm-none-eabi/lib/thumb/v7-m/nofp/crt0.o
LOAD /usr/bin/../lib/gcc/arm-none-eabi/13.2.1/../../../../arm-none-eabi/lib/thumb/v7-m/nofp/libstdc++.a
LOAD CMakeFiles/target.elf.dir/Core/Src/I2C/i2c.c.obj
LOAD CMakeFiles/target.elf.dir/Core/Src/LCD/lcd.c.obj
LOAD CMakeFiles/target.elf.dir/Core/Src/UART/serial.c.obj
LOAD CMakeFiles/target.elf.dir/Core/Src/index.c.obj
LOAD CMakeFiles/target.elf.dir/Core/Src/main.c.obj
LOAD CMakeFiles/target.elf.dir/Core/Src/stm32l1xx_hal_msp.c.obj
LOAD CMakeFiles/target.elf.dir/Core/Src/stm32l1xx_it.c.obj
LOAD CMakeFiles/target.elf.dir/Core/Src/syscalls.c.obj
LOAD CMakeFiles/target.elf.dir/Core/Src/sysmem.c.obj
LOAD CMakeFiles/target.elf.dir/Core/Src/system_stm32l1xx.c.obj
LOAD CMakeFiles/target.elf.dir/Core/Startup/startup_stm32l152retx.s.obj
LOAD CMakeFiles/target.elf.dir/Drivers/STM32L1xx_HAL_Driver/Src/stm32l1xx_hal.c.obj
LOAD CMakeFiles/target.elf.dir/Drivers/STM32L1xx_HAL_Driver/Src/stm32l1xx_hal_cortex.c.obj
LOAD CMakeFiles/target.elf.dir/Drivers/STM32L1xx_HAL_Driver/Src/stm32l1xx_hal_dma.c.obj
LOAD CMakeFiles/target.elf.dir/Drivers/STM32L1xx_HAL_Driver/Src/stm32l1xx_hal_exti.c.obj
LOAD CMakeFiles/target.elf.dir/Drivers/STM32L1xx_HAL_Driver/Src/stm32l1xx_hal_flash.c.obj
LOAD CMakeFiles/target.elf.dir/Drivers/STM32L1xx_HAL_Driver/Src/stm32l1xx_hal_flash_ex.c.obj
LOAD CMakeFiles/target.elf.dir/Drivers/STM32L1xx_HAL_Driver/Src/stm32l1xx_hal_flash_ramfunc.c.obj
LOAD CMakeFiles/target.elf.dir/Drivers/STM32L1xx_HAL_Driver/Src/stm32l1xx_hal_gpio.c.obj
LOAD CMakeFiles/target.elf.dir/Drivers/STM32L1xx_HAL_Driver/Src/stm32l1xx_hal_i2c.c.obj
LOAD CMakeFiles/target.elf.dir/Drivers/STM32L1xx_HAL_Driver/Src/stm32l1xx_hal_pwr.c.obj
LOAD CMakeFiles/target.elf.dir/Drivers/STM32L1xx_HAL_Driver/Src/stm32l1xx_hal_pwr_ex.c.obj
LOAD CMakeFiles/target.elf.dir/Drivers/STM32L1xx_HAL_Driver/Src/stm32l1xx_hal_rcc.c.obj
LOAD CMakeFiles/target.elf.dir/Drivers/STM32L1xx_HAL_Driver/Src/stm32l1xx_hal_rcc_ex.c.obj
LOAD CMakeFiles/target.elf.dir/Drivers/STM32L1xx_HAL_Driver/Src/stm32l1xx_hal_tim.c.obj
LOAD CMakeFiles/target.elf.dir/Drivers/STM32L1xx_HAL_Driver/Src/stm32l1xx_hal_tim_ex.c.obj
LOAD CMakeFiles/target.elf.dir/Drivers/STM32L1xx_HAL_Driver/Src/stm32l1xx_hal_uart.c.obj
START GROUP
LOAD /usr/bin/../lib/gcc/arm-none-eabi/13.2.1/thumb/v7-m/nofp/libgcc.a
LOAD /usr/bin/../lib/gcc/arm-none-eabi/13.2.1/../../../../arm-none-eabi/lib/thumb/v7-m/nofp/libc.a
END GROUP
START GROUP
LOAD /usr/bin/../lib/gcc/arm-none-eabi/13.2.1/thumb/v7-m/nofp/libgcc.a
LOAD /usr/bin/../lib/gcc/arm-none-eabi/13.2.1/../../../../arm-none-eabi/lib/thumb/v7-m/nofp/libc.a
LOAD /usr/bin/../lib/gcc/arm-none-eabi/13.2.1/../../../../arm-none-eabi/lib/thumb/v7-m/nofp/libnosys.a
END GROUP
LOAD /usr/bin/../lib/gcc/arm-none-eabi/13.2.1/thumb/v7-m/nofp/crtend.o
LOAD /usr/bin/../lib/gcc/arm-none-eabi/13.2.1/thumb/v7-m/nofp/crtn.o
                0x20014000                        _estack = (ORIGIN (RAM) + LENGTH (RAM))
                0x00000200                        _Min_Heap_Size = 0x200
                0x00000400                        _Min_Stack_Size = 0x400

.isr_vector     0x08000000      0x13c
                0x08000000                        . = ALIGN (0x4)
 *(.isr_vector)
 .isr_vector    0x08000000      0x13c CMakeFiles/target.elf.dir/Core/Startup/startup_stm32l152retx.s.obj
                0x08000000                g_pfnVectors
                0x0800013c                        . = ALIGN (0x4)

.text           0x08000140     0x9da0
                0x08000140                        . = ALIGN (0x4)
 *(.text)
 .text          0x08000140       0x30 /usr/bin/../lib/gcc/arm-none-eabi/13.2.1/thumb/v7-m/nofp/libgcc.a(_aeabi_uldivmod.o)
                0x08000140                __aeabi_uldivmod
 .text          0x08000170        0x4 /usr/bin/../lib/gcc/arm-none-eabi/13.2.1/thumb/v7-m/nofp/libgcc.a(_dvmd_tls.o)
                0x08000170                __aeabi_ldiv0
                0x08000170                __aeabi_idiv0
 .text          0x08000174       0xec /usr/bin/../lib/gcc/arm-none-eabi/13.2.1/../../../../arm-none-eabi/lib/thumb/v7-m/nofp/libc.a(libc_a-memcpy.o)
                0x08000174                memcpy
 .text          0x08000260      0x378 /usr/bin/../lib/gcc/arm-none-eabi/13.2.1/thumb/v7-m/nofp/libgcc.a(_arm_addsubdf3.o)
                0x08000260                __aeabi_drsub
                0x08000268                __aeabi_dsub
                0x08000268                __subdf3
                0x0800026c                __adddf3
                0x0800026c                __aeabi_dadd
                0x080004e4                __aeabi_ui2d
                0x080004e4                __floatunsidf
                0x08000504                __floatsidf
                0x08000504                __aeabi_i2d
                0x08000528                __extendsfdf2
                0x08000528                __aeabi_f2d
                0x0800056c                __aeabi_ul2d
                0x0800056c                __floatundidf
                0x0800057c                __floatdidf
                0x0800057c                __aeabi_l2d
 .text          0x080005d8      0x424 /usr/bin/../lib/gcc/arm-none-eabi/13.2.1/thumb/v7-m/nofp/libgcc.a(_arm_muldivdf3.o)
                0x080005d8                __aeabi_dmul
                0x080005d8                __muldf3
                0x0800082c                __aeabi_ddiv
                0x0800082c                __divdf3
 .text          0x080009fc      0x110 /usr/bin/../lib/gcc/arm-none-eabi/13.2.1/thumb/v7-m/nofp/libgcc.a(_arm_cmpdf2.o)
                0x080009fc                __gtdf2
                0x080009fc                __gedf2
                0x08000a04                __ltdf2
                0x08000a04                __ledf2
                0x08000a0c                __cmpdf2
                0x08000a0c                __eqdf2
                0x08000a0c                __nedf2
                0x08000a88                __aeabi_cdrcmple
                0x08000a98                __aeabi_cdcmple
                0x08000a98                __aeabi_cdcmpeq
                0x08000aa8                __aeabi_dcmpeq
                0x08000abc                __aeabi_dcmplt
                0x08000ad0                __aeabi_dcmple
                0x08000ae4                __aeabi_dcmpge
                0x08000af8                __aeabi_dcmpgt
 .text          0x08000b0c       0x2c /usr/bin/../lib/gcc/arm-none-eabi/13.2.1/thumb/v7-m/nofp/libgcc.a(_arm_unorddf2.o)
                0x08000b0c                __aeabi_dcmpun
                0x08000b0c                __unorddf2
 .text          0x08000b38       0x50 /usr/bin/../lib/gcc/arm-none-eabi/13.2.1/thumb/v7-m/nofp/libgcc.a(_arm_fixdfsi.o)
                0x08000b38                __fixdfsi
                0x08000b38                __aeabi_d2iz
 *(.text*)
 .text.deregister_tm_clones
                0x08000b88       0x1c /usr/bin/../lib/gcc/arm-none-eabi/13.2.1/thumb/v7-m/nofp/crtbegin.o
 .text.register_tm_clones
                0x08000ba4       0x24 /usr/bin/../lib/gcc/arm-none-eabi/13.2.1/thumb/v7-m/nofp/crtbegin.o
 .text.__do_global_dtors_aux
                0x08000bc8       0x28 /usr/bin/../lib/gcc/arm-none-eabi/13.2.1/thumb/v7-m/nofp/crtbegin.o
 .text.frame_dummy
                0x08000bf0       0x24 /usr/bin/../lib/gcc/arm-none-eabi/13.2.1/thumb/v7-m/nofp/crtbegin.o
 .text.I2C_init
                0x08000c14       0x24 CMakeFiles/target.elf.dir/Core/Src/I2C/i2c.c.obj
                0x08000c14                I2C_init
 .text.I2C_send
                0x08000c38       0x34 CMakeFiles/target.elf.dir/Core/Src/I2C/i2c.c.obj
                0x08000c38                I2C_send
 .text.LCD_init
                0x08000c6c       0x1a CMakeFiles/target.elf.dir/Core/Src/LCD/lcd.c.obj
                0x08000c6c                LCD_init
 .text.LCD_send_string
                0x08000c86       0x4c CMakeFiles/target.elf.dir/Core/Src/LCD/lcd.c.obj
                0x08000c86                LCD_send_string
 .text.LCD_send
                0x08000cd2       0xa8 CMakeFiles/target.elf.dir/Core/Src/LCD/lcd.c.obj
                0x08000cd2                LCD_send
 *fill*         0x08000d7a        0x2 
 .text.Serial_print
                0x08000d7c       0x28 CMakeFiles/target.elf.dir/Core/Src/UART/serial.c.obj
                0x08000d7c                Serial_print
 .text.Serial_println
                0x08000da4       0x48 CMakeFiles/target.elf.dir/Core/Src/UART/serial.c.obj
                0x08000da4                Serial_println
 .text.Serial_putsln
                0x08000dec       0x20 CMakeFiles/target.elf.dir/Core/Src/UART/serial.c.obj
                0x08000dec                Serial_putsln
 .text.user_before_while
                0x08000e0c      0x178 CMakeFiles/target.elf.dir/Core/Src/index.c.obj
                0x08000e0c                user_before_while
 .text.user_loop
                0x08000f84       0x1c CMakeFiles/target.elf.dir/Core/Src/index.c.obj
                0x08000f84                user_loop
 .text.user_loop_end
                0x08000fa0        0xc CMakeFiles/target.elf.dir/Core/Src/index.c.obj
                0x08000fa0                user_loop_end
 .text.main     0x08000fac       0x26 CMakeFiles/target.elf.dir/Core/Src/main.c.obj
                0x08000fac                main
 *fill*         0x08000fd2        0x2 
 .text.SystemClock_Config
                0x08000fd4       0x98 CMakeFiles/target.elf.dir/Core/Src/main.c.obj
                0x08000fd4                SystemClock_Config
 .text.MX_I2C1_Init
                0x0800106c       0x5c CMakeFiles/target.elf.dir/Core/Src/main.c.obj
 .text.MX_USART1_UART_Init
                0x080010c8       0x54 CMakeFiles/target.elf.dir/Core/Src/main.c.obj
 .text.MX_GPIO_Init
                0x0800111c       0xec CMakeFiles/target.elf.dir/Core/Src/main.c.obj
 .text.Error_Handler
                0x08001208        0xa CMakeFiles/target.elf.dir/Core/Src/main.c.obj
                0x08001208                Error_Handler
 *fill*         0x08001212        0x2 
 .text.HAL_MspInit
                0x08001214       0x60 CMakeFiles/target.elf.dir/Core/Src/stm32l1xx_hal_msp.c.obj
                0x08001214                HAL_MspInit
 .text.HAL_I2C_MspInit
                0x08001274       0x88 CMakeFiles/target.elf.dir/Core/Src/stm32l1xx_hal_msp.c.obj
                0x08001274                HAL_I2C_MspInit
 .text.HAL_UART_MspInit
                0x080012fc       0x88 CMakeFiles/target.elf.dir/Core/Src/stm32l1xx_hal_msp.c.obj
                0x080012fc                HAL_UART_MspInit
 .text.NMI_Handler
                0x08001384        0x6 CMakeFiles/target.elf.dir/Core/Src/stm32l1xx_it.c.obj
                0x08001384                NMI_Handler
 .text.HardFault_Handler
                0x0800138a        0x6 CMakeFiles/target.elf.dir/Core/Src/stm32l1xx_it.c.obj
                0x0800138a                HardFault_Handler
 .text.MemManage_Handler
                0x08001390        0x6 CMakeFiles/target.elf.dir/Core/Src/stm32l1xx_it.c.obj
                0x08001390                MemManage_Handler
 .text.BusFault_Handler
                0x08001396        0x6 CMakeFiles/target.elf.dir/Core/Src/stm32l1xx_it.c.obj
                0x08001396                BusFault_Handler
 .text.UsageFault_Handler
                0x0800139c        0x6 CMakeFiles/target.elf.dir/Core/Src/stm32l1xx_it.c.obj
                0x0800139c                UsageFault_Handler
 .text.SVC_Handler
                0x080013a2        0xc CMakeFiles/target.elf.dir/Core/Src/stm32l1xx_it.c.obj
                0x080013a2                SVC_Handler
 .text.DebugMon_Handler
                0x080013ae        0xc CMakeFiles/target.elf.dir/Core/Src/stm32l1xx_it.c.obj
                0x080013ae                DebugMon_Handler
 .text.PendSV_Handler
                0x080013ba        0xc CMakeFiles/target.elf.dir/Core/Src/stm32l1xx_it.c.obj
                0x080013ba                PendSV_Handler
 .text.SysTick_Handler
                0x080013c6        0xc CMakeFiles/target.elf.dir/Core/Src/stm32l1xx_it.c.obj
                0x080013c6                SysTick_Handler
 .text._getpid  0x080013d2        0xe CMakeFiles/target.elf.dir/Core/Src/syscalls.c.obj
                0x080013d2                _getpid
 .text._kill    0x080013e0       0x20 CMakeFiles/target.elf.dir/Core/Src/syscalls.c.obj
                0x080013e0                _kill
 .text._exit    0x08001400       0x14 CMakeFiles/target.elf.dir/Core/Src/syscalls.c.obj
                0x08001400                _exit
 .text._read    0x08001414       0x3a CMakeFiles/target.elf.dir/Core/Src/syscalls.c.obj
                0x08001414                _read
 .text._write   0x0800144e       0x38 CMakeFiles/target.elf.dir/Core/Src/syscalls.c.obj
                0x0800144e                _write
 .text._close   0x08001486       0x16 CMakeFiles/target.elf.dir/Core/Src/syscalls.c.obj
                0x08001486                _close
 .text._fstat   0x0800149c       0x1e CMakeFiles/target.elf.dir/Core/Src/syscalls.c.obj
                0x0800149c                _fstat
 .text._isatty  0x080014ba       0x14 CMakeFiles/target.elf.dir/Core/Src/syscalls.c.obj
                0x080014ba                _isatty
 .text._lseek   0x080014ce       0x18 CMakeFiles/target.elf.dir/Core/Src/syscalls.c.obj
                0x080014ce                _lseek
 *fill*         0x080014e6        0x2 
 .text._sbrk    0x080014e8       0x6c CMakeFiles/target.elf.dir/Core/Src/sysmem.c.obj
                0x080014e8                _sbrk
 .text.SystemInit
                0x08001554        0xc CMakeFiles/target.elf.dir/Core/Src/system_stm32l1xx.c.obj
                0x08001554                SystemInit
 .text.Reset_Handler
                0x08001560       0x48 CMakeFiles/target.elf.dir/Core/Startup/startup_stm32l152retx.s.obj
                0x08001560                Reset_Handler
 .text.Default_Handler
                0x080015a8        0x2 CMakeFiles/target.elf.dir/Core/Startup/startup_stm32l152retx.s.obj
                0x080015a8                RTC_Alarm_IRQHandler
                0x080015a8                EXTI2_IRQHandler
                0x080015a8                COMP_ACQ_IRQHandler
                0x080015a8                TIM10_IRQHandler
                0x080015a8                USB_HP_IRQHandler
                0x080015a8                TIM6_IRQHandler
                0x080015a8                PVD_IRQHandler
                0x080015a8                EXTI3_IRQHandler
                0x080015a8                EXTI0_IRQHandler
                0x080015a8                I2C2_EV_IRQHandler
                0x080015a8                SPI1_IRQHandler
                0x080015a8                USB_FS_WKUP_IRQHandler
                0x080015a8                DMA2_Channel2_IRQHandler
                0x080015a8                DMA1_Channel4_IRQHandler
                0x080015a8                ADC1_IRQHandler
                0x080015a8                USART3_IRQHandler
                0x080015a8                DMA1_Channel7_IRQHandler
                0x080015a8                LCD_IRQHandler
                0x080015a8                UART5_IRQHandler
                0x080015a8                TIM4_IRQHandler
                0x080015a8                DMA2_Channel1_IRQHandler
                0x080015a8                I2C1_EV_IRQHandler
                0x080015a8                DMA1_Channel6_IRQHandler
                0x080015a8                UART4_IRQHandler
                0x080015a8                DMA2_Channel4_IRQHandler
                0x080015a8                TIM3_IRQHandler
                0x080015a8                RCC_IRQHandler
                0x080015a8                DMA1_Channel1_IRQHandler
                0x080015a8                Default_Handler
                0x080015a8                EXTI15_10_IRQHandler
                0x080015a8                TIM7_IRQHandler
                0x080015a8                TIM5_IRQHandler
                0x080015a8                EXTI9_5_IRQHandler
                0x080015a8                TIM9_IRQHandler
                0x080015a8                TAMPER_STAMP_IRQHandler
                0x080015a8                RTC_WKUP_IRQHandler
                0x080015a8                SPI2_IRQHandler
                0x080015a8                DMA2_Channel5_IRQHandler
                0x080015a8                DMA1_Channel5_IRQHandler
                0x080015a8                USB_LP_IRQHandler
                0x080015a8                EXTI4_IRQHandler
                0x080015a8                DMA1_Channel3_IRQHandler
                0x080015a8                COMP_IRQHandler
                0x080015a8                WWDG_IRQHandler
                0x080015a8                TIM2_IRQHandler
                0x080015a8                DAC_IRQHandler
                0x080015a8                EXTI1_IRQHandler
                0x080015a8                TIM11_IRQHandler
                0x080015a8                USART2_IRQHandler
                0x080015a8                I2C2_ER_IRQHandler
                0x080015a8                DMA1_Channel2_IRQHandler
                0x080015a8                FLASH_IRQHandler
                0x080015a8                USART1_IRQHandler
                0x080015a8                SPI3_IRQHandler
                0x080015a8                I2C1_ER_IRQHandler
                0x080015a8                DMA2_Channel3_IRQHandler
 .text.HAL_Init
                0x080015aa       0x30 CMakeFiles/target.elf.dir/Drivers/STM32L1xx_HAL_Driver/Src/stm32l1xx_hal.c.obj
                0x080015aa                HAL_Init
 *fill*         0x080015da        0x2 
 .text.HAL_InitTick
                0x080015dc       0x74 CMakeFiles/target.elf.dir/Drivers/STM32L1xx_HAL_Driver/Src/stm32l1xx_hal.c.obj
                0x080015dc                HAL_InitTick
 .text.HAL_IncTick
                0x08001650       0x24 CMakeFiles/target.elf.dir/Drivers/STM32L1xx_HAL_Driver/Src/stm32l1xx_hal.c.obj
                0x08001650                HAL_IncTick
 .text.HAL_GetTick
                0x08001674       0x14 CMakeFiles/target.elf.dir/Drivers/STM32L1xx_HAL_Driver/Src/stm32l1xx_hal.c.obj
                0x08001674                HAL_GetTick
 .text.HAL_Delay
                0x08001688       0x44 CMakeFiles/target.elf.dir/Drivers/STM32L1xx_HAL_Driver/Src/stm32l1xx_hal.c.obj
                0x08001688                HAL_Delay
 .text.__NVIC_SetPriorityGrouping
                0x080016cc       0x48 CMakeFiles/target.elf.dir/Drivers/STM32L1xx_HAL_Driver/Src/stm32l1xx_hal_cortex.c.obj
 .text.__NVIC_GetPriorityGrouping
                0x08001714       0x1c CMakeFiles/target.elf.dir/Drivers/STM32L1xx_HAL_Driver/Src/stm32l1xx_hal_cortex.c.obj
 .text.__NVIC_SetPriority
                0x08001730       0x54 CMakeFiles/target.elf.dir/Drivers/STM32L1xx_HAL_Driver/Src/stm32l1xx_hal_cortex.c.obj
 .text.NVIC_EncodePriority
                0x08001784       0x64 CMakeFiles/target.elf.dir/Drivers/STM32L1xx_HAL_Driver/Src/stm32l1xx_hal_cortex.c.obj
 .text.SysTick_Config
                0x080017e8       0x44 CMakeFiles/target.elf.dir/Drivers/STM32L1xx_HAL_Driver/Src/stm32l1xx_hal_cortex.c.obj
 .text.HAL_NVIC_SetPriorityGrouping
                0x0800182c       0x16 CMakeFiles/target.elf.dir/Drivers/STM32L1xx_HAL_Driver/Src/stm32l1xx_hal_cortex.c.obj
                0x0800182c                HAL_NVIC_SetPriorityGrouping
 .text.HAL_NVIC_SetPriority
                0x08001842       0x38 CMakeFiles/target.elf.dir/Drivers/STM32L1xx_HAL_Driver/Src/stm32l1xx_hal_cortex.c.obj
                0x08001842                HAL_NVIC_SetPriority
 .text.HAL_SYSTICK_Config
                0x0800187a       0x18 CMakeFiles/target.elf.dir/Drivers/STM32L1xx_HAL_Driver/Src/stm32l1xx_hal_cortex.c.obj
                0x0800187a                HAL_SYSTICK_Config
 *fill*         0x08001892        0x2 
 .text.HAL_GPIO_Init
                0x08001894      0x320 CMakeFiles/target.elf.dir/Drivers/STM32L1xx_HAL_Driver/Src/stm32l1xx_hal_gpio.c.obj
                0x08001894                HAL_GPIO_Init
 .text.HAL_GPIO_WritePin
                0x08001bb4       0x30 CMakeFiles/target.elf.dir/Drivers/STM32L1xx_HAL_Driver/Src/stm32l1xx_hal_gpio.c.obj
                0x08001bb4                HAL_GPIO_WritePin
 .text.HAL_GPIO_TogglePin
                0x08001be4       0x32 CMakeFiles/target.elf.dir/Drivers/STM32L1xx_HAL_Driver/Src/stm32l1xx_hal_gpio.c.obj
                0x08001be4                HAL_GPIO_TogglePin
 *fill*         0x08001c16        0x2 
 .text.HAL_I2C_Init
                0x08001c18      0x288 CMakeFiles/target.elf.dir/Drivers/STM32L1xx_HAL_Driver/Src/stm32l1xx_hal_i2c.c.obj
                0x08001c18                HAL_I2C_Init
 .text.HAL_I2C_Master_Transmit
                0x08001ea0      0x1fc CMakeFiles/target.elf.dir/Drivers/STM32L1xx_HAL_Driver/Src/stm32l1xx_hal_i2c.c.obj
                0x08001ea0                HAL_I2C_Master_Transmit
 .text.HAL_I2C_IsDeviceReady
                0x0800209c      0x25c CMakeFiles/target.elf.dir/Drivers/STM32L1xx_HAL_Driver/Src/stm32l1xx_hal_i2c.c.obj
                0x0800209c                HAL_I2C_IsDeviceReady
 .text.I2C_MasterRequestWrite
                0x080022f8      0x104 CMakeFiles/target.elf.dir/Drivers/STM32L1xx_HAL_Driver/Src/stm32l1xx_hal_i2c.c.obj
 .text.I2C_WaitOnFlagUntilTimeout
                0x080023fc       0xf4 CMakeFiles/target.elf.dir/Drivers/STM32L1xx_HAL_Driver/Src/stm32l1xx_hal_i2c.c.obj
 .text.I2C_WaitOnMasterAddressFlagUntilTimeout
                0x080024f0      0x140 CMakeFiles/target.elf.dir/Drivers/STM32L1xx_HAL_Driver/Src/stm32l1xx_hal_i2c.c.obj
 .text.I2C_WaitOnTXEFlagUntilTimeout
                0x08002630       0x90 CMakeFiles/target.elf.dir/Drivers/STM32L1xx_HAL_Driver/Src/stm32l1xx_hal_i2c.c.obj
 .text.I2C_WaitOnBTFFlagUntilTimeout
                0x080026c0       0x90 CMakeFiles/target.elf.dir/Drivers/STM32L1xx_HAL_Driver/Src/stm32l1xx_hal_i2c.c.obj
 .text.I2C_IsAcknowledgeFailed
                0x08002750       0x5c CMakeFiles/target.elf.dir/Drivers/STM32L1xx_HAL_Driver/Src/stm32l1xx_hal_i2c.c.obj
 .text.HAL_RCC_OscConfig
                0x080027ac      0x660 CMakeFiles/target.elf.dir/Drivers/STM32L1xx_HAL_Driver/Src/stm32l1xx_hal_rcc.c.obj
                0x080027ac                HAL_RCC_OscConfig
 .text.HAL_RCC_ClockConfig
                0x08002e0c      0x268 CMakeFiles/target.elf.dir/Drivers/STM32L1xx_HAL_Driver/Src/stm32l1xx_hal_rcc.c.obj
                0x08002e0c                HAL_RCC_ClockConfig
 .text.HAL_RCC_GetSysClockFreq
                0x08003074      0x200 CMakeFiles/target.elf.dir/Drivers/STM32L1xx_HAL_Driver/Src/stm32l1xx_hal_rcc.c.obj
                0x08003074                HAL_RCC_GetSysClockFreq
 .text.HAL_RCC_GetHCLKFreq
                0x08003274       0x14 CMakeFiles/target.elf.dir/Drivers/STM32L1xx_HAL_Driver/Src/stm32l1xx_hal_rcc.c.obj
                0x08003274                HAL_RCC_GetHCLKFreq
 .text.HAL_RCC_GetPCLK1Freq
                0x08003288       0x28 CMakeFiles/target.elf.dir/Drivers/STM32L1xx_HAL_Driver/Src/stm32l1xx_hal_rcc.c.obj
                0x08003288                HAL_RCC_GetPCLK1Freq
 .text.HAL_RCC_GetPCLK2Freq
                0x080032b0       0x28 CMakeFiles/target.elf.dir/Drivers/STM32L1xx_HAL_Driver/Src/stm32l1xx_hal_rcc.c.obj
                0x080032b0                HAL_RCC_GetPCLK2Freq
 .text.RCC_SetFlashLatencyFromMSIRange
                0x080032d8       0xc0 CMakeFiles/target.elf.dir/Drivers/STM32L1xx_HAL_Driver/Src/stm32l1xx_hal_rcc.c.obj
 .text.HAL_UART_Init
                0x08003398       0xa0 CMakeFiles/target.elf.dir/Drivers/STM32L1xx_HAL_Driver/Src/stm32l1xx_hal_uart.c.obj
                0x08003398                HAL_UART_Init
 .text.HAL_UART_Transmit
                0x08003438      0x106 CMakeFiles/target.elf.dir/Drivers/STM32L1xx_HAL_Driver/Src/stm32l1xx_hal_uart.c.obj
                0x08003438                HAL_UART_Transmit
 .text.UART_WaitOnFlagUntilTimeout
                0x0800353e       0xdc CMakeFiles/target.elf.dir/Drivers/STM32L1xx_HAL_Driver/Src/stm32l1xx_hal_uart.c.obj
 *fill*         0x0800361a        0x2 
 .text.UART_SetConfig
                0x0800361c      0x1c8 CMakeFiles/target.elf.dir/Drivers/STM32L1xx_HAL_Driver/Src/stm32l1xx_hal_uart.c.obj
 .text.__udivmoddi4
                0x080037e4      0x2b4 /usr/bin/../lib/gcc/arm-none-eabi/13.2.1/thumb/v7-m/nofp/libgcc.a(_udivmoddi4.o)
                0x080037e4                __udivmoddi4
 .text.__errno  0x08003a98        0xc /usr/bin/../lib/gcc/arm-none-eabi/13.2.1/../../../../arm-none-eabi/lib/thumb/v7-m/nofp/libc.a(libc_a-errno.o)
                0x08003a98                __errno
 .text.startup.register_fini
                0x08003aa4       0x14 /usr/bin/../lib/gcc/arm-none-eabi/13.2.1/../../../../arm-none-eabi/lib/thumb/v7-m/nofp/libc.a(libc_a-__call_atexit.o)
 .text.memset   0x08003ab8       0xa0 /usr/bin/../lib/gcc/arm-none-eabi/13.2.1/../../../../arm-none-eabi/lib/thumb/v7-m/nofp/libc.a(libc_a-memset.o)
                0x08003ab8                memset
 .text.__libc_init_array
                0x08003b58       0x50 /usr/bin/../lib/gcc/arm-none-eabi/13.2.1/../../../../arm-none-eabi/lib/thumb/v7-m/nofp/libc.a(libc_a-init.o)
                0x08003b58                __libc_init_array
 .text.__libc_fini_array
                0x08003ba8       0x28 /usr/bin/../lib/gcc/arm-none-eabi/13.2.1/../../../../arm-none-eabi/lib/thumb/v7-m/nofp/libc.a(libc_a-fini.o)
                0x08003ba8                __libc_fini_array
 .text.__retarget_lock_init_recursive
                0x08003bd0        0x4 /usr/bin/../lib/gcc/arm-none-eabi/13.2.1/../../../../arm-none-eabi/lib/thumb/v7-m/nofp/libc.a(libc_a-lock.o)
                0x08003bd0                __retarget_lock_init_recursive
 .text.__retarget_lock_close_recursive
                0x08003bd4        0x4 /usr/bin/../lib/gcc/arm-none-eabi/13.2.1/../../../../arm-none-eabi/lib/thumb/v7-m/nofp/libc.a(libc_a-lock.o)
                0x08003bd4                __retarget_lock_close_recursive
 .text.__retarget_lock_acquire_recursive
                0x08003bd8        0x4 /usr/bin/../lib/gcc/arm-none-eabi/13.2.1/../../../../arm-none-eabi/lib/thumb/v7-m/nofp/libc.a(libc_a-lock.o)
                0x08003bd8                __retarget_lock_acquire_recursive
 .text.__retarget_lock_release_recursive
                0x08003bdc        0x4 /usr/bin/../lib/gcc/arm-none-eabi/13.2.1/../../../../arm-none-eabi/lib/thumb/v7-m/nofp/libc.a(libc_a-lock.o)
                0x08003bdc                __retarget_lock_release_recursive
 .text.atexit   0x08003be0        0xc /usr/bin/../lib/gcc/arm-none-eabi/13.2.1/../../../../arm-none-eabi/lib/thumb/v7-m/nofp/libc.a(libc_a-atexit.o)
                0x08003be0                atexit
 .text.stdio_exit_handler
                0x08003bec       0x18 /usr/bin/../lib/gcc/arm-none-eabi/13.2.1/../../../../arm-none-eabi/lib/thumb/v7-m/nofp/libc.a(libc_a-findfp.o)
 .text.cleanup_stdio
                0x08003c04       0x40 /usr/bin/../lib/gcc/arm-none-eabi/13.2.1/../../../../arm-none-eabi/lib/thumb/v7-m/nofp/libc.a(libc_a-findfp.o)
 .text.global_stdio_init.part.0
                0x08003c44       0xf0 /usr/bin/../lib/gcc/arm-none-eabi/13.2.1/../../../../arm-none-eabi/lib/thumb/v7-m/nofp/libc.a(libc_a-findfp.o)
 .text.__sinit  0x08003d34       0x3c /usr/bin/../lib/gcc/arm-none-eabi/13.2.1/../../../../arm-none-eabi/lib/thumb/v7-m/nofp/libc.a(libc_a-findfp.o)
                0x08003d34                __sinit
 .text.__sfp_lock_acquire
                0x08003d70        0xc /usr/bin/../lib/gcc/arm-none-eabi/13.2.1/../../../../arm-none-eabi/lib/thumb/v7-m/nofp/libc.a(libc_a-findfp.o)
                0x08003d70                __sfp_lock_acquire
 .text.__sfp_lock_release
                0x08003d7c        0xc /usr/bin/../lib/gcc/arm-none-eabi/13.2.1/../../../../arm-none-eabi/lib/thumb/v7-m/nofp/libc.a(libc_a-findfp.o)
                0x08003d7c                __sfp_lock_release
 .text.strlen   0x08003d88       0x5c /usr/bin/../lib/gcc/arm-none-eabi/13.2.1/../../../../arm-none-eabi/lib/thumb/v7-m/nofp/libc.a(libc_a-strlen-stub.o)
                0x08003d88                strlen
 .text.snprintf
                0x08003de4       0x84 /usr/bin/../lib/gcc/arm-none-eabi/13.2.1/../../../../arm-none-eabi/lib/thumb/v7-m/nofp/libc.a(libc_a-snprintf.o)
                0x08003de4                snprintf
 .text.__sread  0x08003e68       0x24 /usr/bin/../lib/gcc/arm-none-eabi/13.2.1/../../../../arm-none-eabi/lib/thumb/v7-m/nofp/libc.a(libc_a-stdio.o)
                0x08003e68                __sread
 .text.__swrite
                0x08003e8c       0x40 /usr/bin/../lib/gcc/arm-none-eabi/13.2.1/../../../../arm-none-eabi/lib/thumb/v7-m/nofp/libc.a(libc_a-stdio.o)
                0x08003e8c                __swrite
 .text.__sseek  0x08003ecc       0x24 /usr/bin/../lib/gcc/arm-none-eabi/13.2.1/../../../../arm-none-eabi/lib/thumb/v7-m/nofp/libc.a(libc_a-stdio.o)
                0x08003ecc                __sseek
 .text.__sclose
                0x08003ef0        0x8 /usr/bin/../lib/gcc/arm-none-eabi/13.2.1/../../../../arm-none-eabi/lib/thumb/v7-m/nofp/libc.a(libc_a-stdio.o)
                0x08003ef0                __sclose
 .text._fwalk_sglue
                0x08003ef8       0x44 /usr/bin/../lib/gcc/arm-none-eabi/13.2.1/../../../../arm-none-eabi/lib/thumb/v7-m/nofp/libc.a(libc_a-fwalk.o)
                0x08003ef8                _fwalk_sglue
 .text._write_r
                0x08003f3c       0x2c /usr/bin/../lib/gcc/arm-none-eabi/13.2.1/../../../../arm-none-eabi/lib/thumb/v7-m/nofp/libc.a(libc_a-writer.o)
                0x08003f3c                _write_r
 .text._svfprintf_r
                0x08003f68     0x1b2c /usr/bin/../lib/gcc/arm-none-eabi/13.2.1/../../../../arm-none-eabi/lib/thumb/v7-m/nofp/libc.a(libc_a-svfprintf.o)
                0x08003f68                _svfprintf_r
 .text.__register_exitproc
                0x08005a94       0x80 /usr/bin/../lib/gcc/arm-none-eabi/13.2.1/../../../../arm-none-eabi/lib/thumb/v7-m/nofp/libc.a(libc_a-__atexit.o)
                0x08005a94                __register_exitproc
 .text._malloc_r
                0x08005b14      0x568 /usr/bin/../lib/gcc/arm-none-eabi/13.2.1/../../../../arm-none-eabi/lib/thumb/v7-m/nofp/libc.a(libc_a-mallocr.o)
                0x08005b14                _malloc_r
 .text._wcrtomb_r
                0x0800607c       0x4c /usr/bin/../lib/gcc/arm-none-eabi/13.2.1/../../../../arm-none-eabi/lib/thumb/v7-m/nofp/libc.a(libc_a-wcrtomb.o)
                0x0800607c                _wcrtomb_r
 .text.__locale_mb_cur_max
                0x080060c8        0xc /usr/bin/../lib/gcc/arm-none-eabi/13.2.1/../../../../arm-none-eabi/lib/thumb/v7-m/nofp/libc.a(libc_a-locale.o)
                0x080060c8                __locale_mb_cur_max
 .text._localeconv_r
                0x080060d4        0x8 /usr/bin/../lib/gcc/arm-none-eabi/13.2.1/../../../../arm-none-eabi/lib/thumb/v7-m/nofp/libc.a(libc_a-localeconv.o)
                0x080060d4                _localeconv_r
 .text._fclose_r
                0x080060dc       0xc0 /usr/bin/../lib/gcc/arm-none-eabi/13.2.1/../../../../arm-none-eabi/lib/thumb/v7-m/nofp/libc.a(libc_a-fclose.o)
                0x080060dc                _fclose_r
 .text.sysconf  0x0800619c       0x1c /usr/bin/../lib/gcc/arm-none-eabi/13.2.1/../../../../arm-none-eabi/lib/thumb/v7-m/nofp/libc.a(libc_a-sysconf.o)
                0x0800619c                sysconf
 .text.__malloc_lock
                0x080061b8        0xc /usr/bin/../lib/gcc/arm-none-eabi/13.2.1/../../../../arm-none-eabi/lib/thumb/v7-m/nofp/libc.a(libc_a-mlock.o)
                0x080061b8                __malloc_lock
 .text.__malloc_unlock
                0x080061c4        0xc /usr/bin/../lib/gcc/arm-none-eabi/13.2.1/../../../../arm-none-eabi/lib/thumb/v7-m/nofp/libc.a(libc_a-mlock.o)
                0x080061c4                __malloc_unlock
 .text._wcsrtombs_r
                0x080061d0       0x18 /usr/bin/../lib/gcc/arm-none-eabi/13.2.1/../../../../arm-none-eabi/lib/thumb/v7-m/nofp/libc.a(libc_a-wcsrtombs.o)
                0x080061d0                _wcsrtombs_r
 .text.quorem   0x080061e8      0x13c /usr/bin/../lib/gcc/arm-none-eabi/13.2.1/../../../../arm-none-eabi/lib/thumb/v7-m/nofp/libc.a(libc_a-dtoa.o)
 *fill*         0x08006324        0x4 
 .text._dtoa_r  0x08006328      0xe94 /usr/bin/../lib/gcc/arm-none-eabi/13.2.1/../../../../arm-none-eabi/lib/thumb/v7-m/nofp/libc.a(libc_a-dtoa.o)
                0x08006328                _dtoa_r
 .text._close_r
                0x080071bc       0x24 /usr/bin/../lib/gcc/arm-none-eabi/13.2.1/../../../../arm-none-eabi/lib/thumb/v7-m/nofp/libc.a(libc_a-closer.o)
                0x080071bc                _close_r
 .text.__sflush_r
                0x080071e0      0x128 /usr/bin/../lib/gcc/arm-none-eabi/13.2.1/../../../../arm-none-eabi/lib/thumb/v7-m/nofp/libc.a(libc_a-fflush.o)
                0x080071e0                __sflush_r
 .text._fflush_r
                0x08007308       0x54 /usr/bin/../lib/gcc/arm-none-eabi/13.2.1/../../../../arm-none-eabi/lib/thumb/v7-m/nofp/libc.a(libc_a-fflush.o)
                0x08007308                _fflush_r
 .text.memchr   0x0800735c       0x98 /usr/bin/../lib/gcc/arm-none-eabi/13.2.1/../../../../arm-none-eabi/lib/thumb/v7-m/nofp/libc.a(libc_a-memchr-stub.o)
                0x0800735c                memchr
 .text.frexp    0x080073f4       0x6c /usr/bin/../lib/gcc/arm-none-eabi/13.2.1/../../../../arm-none-eabi/lib/thumb/v7-m/nofp/libc.a(libm_a-s_frexp.o)
                0x080073f4                frexp
 .text._malloc_trim_r
                0x08007460       0xb8 /usr/bin/../lib/gcc/arm-none-eabi/13.2.1/../../../../arm-none-eabi/lib/thumb/v7-m/nofp/libc.a(libc_a-freer.o)
                0x08007460                _malloc_trim_r
 .text._free_r  0x08007518      0x1f8 /usr/bin/../lib/gcc/arm-none-eabi/13.2.1/../../../../arm-none-eabi/lib/thumb/v7-m/nofp/libc.a(libc_a-freer.o)
                0x08007518                _free_r
 .text.strncpy  0x08007710       0x6c /usr/bin/../lib/gcc/arm-none-eabi/13.2.1/../../../../arm-none-eabi/lib/thumb/v7-m/nofp/libc.a(libc_a-strncpy.o)
                0x08007710                strncpy
 .text._lseek_r
                0x0800777c       0x2c /usr/bin/../lib/gcc/arm-none-eabi/13.2.1/../../../../arm-none-eabi/lib/thumb/v7-m/nofp/libc.a(libc_a-lseekr.o)
                0x0800777c                _lseek_r
 .text._read_r  0x080077a8       0x2c /usr/bin/../lib/gcc/arm-none-eabi/13.2.1/../../../../arm-none-eabi/lib/thumb/v7-m/nofp/libc.a(libc_a-readr.o)
                0x080077a8                _read_r
 .text.__ascii_wctomb
                0x080077d4       0x1c /usr/bin/../lib/gcc/arm-none-eabi/13.2.1/../../../../arm-none-eabi/lib/thumb/v7-m/nofp/libc.a(libc_a-wctomb_r.o)
                0x080077d4                __ascii_wctomb
 .text._sbrk_r  0x080077f0       0x24 /usr/bin/../lib/gcc/arm-none-eabi/13.2.1/../../../../arm-none-eabi/lib/thumb/v7-m/nofp/libc.a(libc_a-sbrkr.o)
                0x080077f0                _sbrk_r
 .text.__ssprint_r
                0x08007814      0x110 /usr/bin/../lib/gcc/arm-none-eabi/13.2.1/../../../../arm-none-eabi/lib/thumb/v7-m/nofp/libc.a(libc_a-svfiprintf.o)
                0x08007814                __ssprint_r
 .text.__ascii_mbtowc
                0x08007924       0x2c /usr/bin/../lib/gcc/arm-none-eabi/13.2.1/../../../../arm-none-eabi/lib/thumb/v7-m/nofp/libc.a(libc_a-mbtowc_r.o)
                0x08007924                __ascii_mbtowc
 .text.memmove  0x08007950       0xfc /usr/bin/../lib/gcc/arm-none-eabi/13.2.1/../../../../arm-none-eabi/lib/thumb/v7-m/nofp/libc.a(libc_a-memmove.o)
                0x08007950                memmove
 .text.__assert_func
                0x08007a4c       0x40 /usr/bin/../lib/gcc/arm-none-eabi/13.2.1/../../../../arm-none-eabi/lib/thumb/v7-m/nofp/libc.a(libc_a-assert.o)
                0x08007a4c                __assert_func
 .text._Balloc  0x08007a8c       0x4c /usr/bin/../lib/gcc/arm-none-eabi/13.2.1/../../../../arm-none-eabi/lib/thumb/v7-m/nofp/libc.a(libc_a-mprec.o)
                0x08007a8c                _Balloc
 .text._Bfree   0x08007ad8       0x14 /usr/bin/../lib/gcc/arm-none-eabi/13.2.1/../../../../arm-none-eabi/lib/thumb/v7-m/nofp/libc.a(libc_a-mprec.o)
                0x08007ad8                _Bfree
 .text.__multadd
                0x08007aec       0xa4 /usr/bin/../lib/gcc/arm-none-eabi/13.2.1/../../../../arm-none-eabi/lib/thumb/v7-m/nofp/libc.a(libc_a-mprec.o)
                0x08007aec                __multadd
 .text.__hi0bits
                0x08007b90       0x44 /usr/bin/../lib/gcc/arm-none-eabi/13.2.1/../../../../arm-none-eabi/lib/thumb/v7-m/nofp/libc.a(libc_a-mprec.o)
                0x08007b90                __hi0bits
 .text.__lo0bits
                0x08007bd4       0x5c /usr/bin/../lib/gcc/arm-none-eabi/13.2.1/../../../../arm-none-eabi/lib/thumb/v7-m/nofp/libc.a(libc_a-mprec.o)
                0x08007bd4                __lo0bits
 .text.__i2b    0x08007c30       0x5c /usr/bin/../lib/gcc/arm-none-eabi/13.2.1/../../../../arm-none-eabi/lib/thumb/v7-m/nofp/libc.a(libc_a-mprec.o)
                0x08007c30                __i2b
 .text.__multiply
                0x08007c8c      0x164 /usr/bin/../lib/gcc/arm-none-eabi/13.2.1/../../../../arm-none-eabi/lib/thumb/v7-m/nofp/libc.a(libc_a-mprec.o)
                0x08007c8c                __multiply
 .text.__pow5mult
                0x08007df0       0xb4 /usr/bin/../lib/gcc/arm-none-eabi/13.2.1/../../../../arm-none-eabi/lib/thumb/v7-m/nofp/libc.a(libc_a-mprec.o)
                0x08007df0                __pow5mult
 .text.__lshift
                0x08007ea4       0xec /usr/bin/../lib/gcc/arm-none-eabi/13.2.1/../../../../arm-none-eabi/lib/thumb/v7-m/nofp/libc.a(libc_a-mprec.o)
                0x08007ea4                __lshift
 .text.__mcmp   0x08007f90       0x40 /usr/bin/../lib/gcc/arm-none-eabi/13.2.1/../../../../arm-none-eabi/lib/thumb/v7-m/nofp/libc.a(libc_a-mprec.o)
                0x08007f90                __mcmp
 .text.__mdiff  0x08007fd0      0x178 /usr/bin/../lib/gcc/arm-none-eabi/13.2.1/../../../../arm-none-eabi/lib/thumb/v7-m/nofp/libc.a(libc_a-mprec.o)
                0x08007fd0                __mdiff
 .text.__d2b    0x08008148       0xbc /usr/bin/../lib/gcc/arm-none-eabi/13.2.1/../../../../arm-none-eabi/lib/thumb/v7-m/nofp/libc.a(libc_a-mprec.o)
                0x08008148                __d2b
 .text._calloc_r
                0x08008204       0x6c /usr/bin/../lib/gcc/arm-none-eabi/13.2.1/../../../../arm-none-eabi/lib/thumb/v7-m/nofp/libc.a(libc_a-callocr.o)
                0x08008204                _calloc_r
 .text._wcsnrtombs_l
                0x08008270       0xec /usr/bin/../lib/gcc/arm-none-eabi/13.2.1/../../../../arm-none-eabi/lib/thumb/v7-m/nofp/libc.a(libc_a-wcsnrtombs.o)
                0x08008270                _wcsnrtombs_l
 .text._wcsnrtombs_r
                0x0800835c       0x24 /usr/bin/../lib/gcc/arm-none-eabi/13.2.1/../../../../arm-none-eabi/lib/thumb/v7-m/nofp/libc.a(libc_a-wcsnrtombs.o)
                0x0800835c                _wcsnrtombs_r
 .text._realloc_r
                0x08008380      0x34c /usr/bin/../lib/gcc/arm-none-eabi/13.2.1/../../../../arm-none-eabi/lib/thumb/v7-m/nofp/libc.a(libc_a-reallocr.o)
                0x08008380                _realloc_r
 .text.fiprintf
                0x080086cc       0x28 /usr/bin/../lib/gcc/arm-none-eabi/13.2.1/../../../../arm-none-eabi/lib/thumb/v7-m/nofp/libc.a(libc_a-fiprintf.o)
                0x080086cc                fiprintf
 .text.__sprint_r.part.0
                0x080086f4       0x78 /usr/bin/../lib/gcc/arm-none-eabi/13.2.1/../../../../arm-none-eabi/lib/thumb/v7-m/nofp/libc.a(libc_a-vfiprintf.o)
 .text._vfiprintf_r
                0x0800876c      0xfe8 /usr/bin/../lib/gcc/arm-none-eabi/13.2.1/../../../../arm-none-eabi/lib/thumb/v7-m/nofp/libc.a(libc_a-vfiprintf.o)
                0x0800876c                _vfiprintf_r
 .text.__sbprintf
                0x08009754       0x80 /usr/bin/../lib/gcc/arm-none-eabi/13.2.1/../../../../arm-none-eabi/lib/thumb/v7-m/nofp/libc.a(libc_a-vfiprintf.o)
 .text.abort    0x080097d4       0x10 /usr/bin/../lib/gcc/arm-none-eabi/13.2.1/../../../../arm-none-eabi/lib/thumb/v7-m/nofp/libc.a(libc_a-abort.o)
                0x080097d4                abort
 .text.__swsetup_r
                0x080097e4       0xc4 /usr/bin/../lib/gcc/arm-none-eabi/13.2.1/../../../../arm-none-eabi/lib/thumb/v7-m/nofp/libc.a(libc_a-wsetup.o)
                0x080097e4                __swsetup_r
 .text.__smakebuf_r
                0x080098a8       0xdc /usr/bin/../lib/gcc/arm-none-eabi/13.2.1/../../../../arm-none-eabi/lib/thumb/v7-m/nofp/libc.a(libc_a-makebuf.o)
                0x080098a8                __smakebuf_r
 .text._fstat_r
                0x08009984       0x28 /usr/bin/../lib/gcc/arm-none-eabi/13.2.1/../../../../arm-none-eabi/lib/thumb/v7-m/nofp/libc.a(libc_a-fstatr.o)
                0x08009984                _fstat_r
 .text.raise    0x080099ac       0x58 /usr/bin/../lib/gcc/arm-none-eabi/13.2.1/../../../../arm-none-eabi/lib/thumb/v7-m/nofp/libc.a(libc_a-signal.o)
                0x080099ac                raise
 .text._isatty_r
                0x08009a04       0x24 /usr/bin/../lib/gcc/arm-none-eabi/13.2.1/../../../../arm-none-eabi/lib/thumb/v7-m/nofp/libc.a(libc_a-isattyr.o)
                0x08009a04                _isatty_r
 .text.__fputwc
                0x08009a28       0x7c /usr/bin/../lib/gcc/arm-none-eabi/13.2.1/../../../../arm-none-eabi/lib/thumb/v7-m/nofp/libc.a(libc_a-fputwc.o)
                0x08009a28                __fputwc
 .text._fputwc_r
                0x08009aa4       0x60 /usr/bin/../lib/gcc/arm-none-eabi/13.2.1/../../../../arm-none-eabi/lib/thumb/v7-m/nofp/libc.a(libc_a-fputwc.o)
                0x08009aa4                _fputwc_r
 .text._kill_r  0x08009b04       0x28 /usr/bin/../lib/gcc/arm-none-eabi/13.2.1/../../../../arm-none-eabi/lib/thumb/v7-m/nofp/libc.a(libc_a-signalr.o)
                0x08009b04                _kill_r
 .text._getpid_r
                0x08009b2c        0x4 /usr/bin/../lib/gcc/arm-none-eabi/13.2.1/../../../../arm-none-eabi/lib/thumb/v7-m/nofp/libc.a(libc_a-signalr.o)
                0x08009b2c                _getpid_r
 .text.__sfvwrite_r
                0x08009b30      0x2ec /usr/bin/../lib/gcc/arm-none-eabi/13.2.1/../../../../arm-none-eabi/lib/thumb/v7-m/nofp/libc.a(libc_a-fvwrite.o)
                0x08009b30                __sfvwrite_r
 .text.__swbuf_r
                0x08009e1c       0xac /usr/bin/../lib/gcc/arm-none-eabi/13.2.1/../../../../arm-none-eabi/lib/thumb/v7-m/nofp/libc.a(libc_a-wbuf.o)
                0x08009e1c                __swbuf_r
 *(.glue_7)
 .glue_7        0x08009ec8        0x0 linker stubs
 *(.glue_7t)
 .glue_7t       0x08009ec8        0x0 linker stubs
 *(.eh_frame)
 .eh_frame      0x08009ec8        0x0 /usr/bin/../lib/gcc/arm-none-eabi/13.2.1/thumb/v7-m/nofp/crtbegin.o
 *(.init)
 .init          0x08009ec8        0x4 /usr/bin/../lib/gcc/arm-none-eabi/13.2.1/thumb/v7-m/nofp/crti.o
                0x08009ec8                _init
 .init          0x08009ecc        0x8 /usr/bin/../lib/gcc/arm-none-eabi/13.2.1/thumb/v7-m/nofp/crtn.o
 *(.fini)
 .fini          0x08009ed4        0x4 /usr/bin/../lib/gcc/arm-none-eabi/13.2.1/thumb/v7-m/nofp/crti.o
                0x08009ed4                _fini
 .fini          0x08009ed8        0x8 /usr/bin/../lib/gcc/arm-none-eabi/13.2.1/thumb/v7-m/nofp/crtn.o
                0x08009ee0                        . = ALIGN (0x4)
                0x08009ee0                        _etext = .

.vfp11_veneer   0x08009ee0        0x0
 .vfp11_veneer  0x08009ee0        0x0 linker stubs

.v4_bx          0x08009ee0        0x0
 .v4_bx         0x08009ee0        0x0 linker stubs

.iplt           0x08009ee0        0x0
 .iplt          0x08009ee0        0x0 /usr/bin/../lib/gcc/arm-none-eabi/13.2.1/thumb/v7-m/nofp/crtbegin.o

.rodata         0x08009ee0      0x468
                0x08009ee0                        . = ALIGN (0x4)
 *(.rodata)
 .rodata        0x08009ee0        0x3 CMakeFiles/target.elf.dir/Core/Src/UART/serial.c.obj
 *fill*         0x08009ee3        0x1 
 .rodata        0x08009ee4       0x56 CMakeFiles/target.elf.dir/Core/Src/index.c.obj
 *(.rodata*)
 *fill*         0x08009f3a        0x2 
 .rodata.PLLMulTable
                0x08009f3c        0x9 CMakeFiles/target.elf.dir/Core/Src/system_stm32l1xx.c.obj
                0x08009f3c                PLLMulTable
 *fill*         0x08009f45        0x3 
 .rodata.AHBPrescTable
                0x08009f48       0x10 CMakeFiles/target.elf.dir/Core/Src/system_stm32l1xx.c.obj
                0x08009f48                AHBPrescTable
 .rodata.APBPrescTable
                0x08009f58        0x8 CMakeFiles/target.elf.dir/Core/Src/system_stm32l1xx.c.obj
                0x08009f58                APBPrescTable
 .rodata._svfprintf_r.str1.4
                0x08009f60      0x1a6 /usr/bin/../lib/gcc/arm-none-eabi/13.2.1/../../../../arm-none-eabi/lib/thumb/v7-m/nofp/libc.a(libc_a-svfprintf.o)
                                 0x42 (size before relaxing)
 *fill*         0x0800a106        0x2 
 .rodata.zeroes.0
                0x0800a108       0x10 /usr/bin/../lib/gcc/arm-none-eabi/13.2.1/../../../../arm-none-eabi/lib/thumb/v7-m/nofp/libc.a(libc_a-svfprintf.o)
 .rodata.blanks.1
                0x0800a118       0x10 /usr/bin/../lib/gcc/arm-none-eabi/13.2.1/../../../../arm-none-eabi/lib/thumb/v7-m/nofp/libc.a(libc_a-svfprintf.o)
 .rodata.str1.4
                0x0800a128       0x4c /usr/bin/../lib/gcc/arm-none-eabi/13.2.1/../../../../arm-none-eabi/lib/thumb/v7-m/nofp/libc.a(libc_a-locale.o)
 .rodata._dtoa_r.str1.4
                0x0800a128       0x81 /usr/bin/../lib/gcc/arm-none-eabi/13.2.1/../../../../arm-none-eabi/lib/thumb/v7-m/nofp/libc.a(libc_a-dtoa.o)
 .rodata._ctype_
                0x0800a128      0x101 /usr/bin/../lib/gcc/arm-none-eabi/13.2.1/../../../../arm-none-eabi/lib/thumb/v7-m/nofp/libc.a(libc_a-ctype_.o)
                0x0800a128                _ctype_
 .rodata.__assert_func.str1.4
                0x0800a229       0x43 /usr/bin/../lib/gcc/arm-none-eabi/13.2.1/../../../../arm-none-eabi/lib/thumb/v7-m/nofp/libc.a(libc_a-assert.o)
 .rodata.__multadd.str1.4
                0x0800a229       0x6e /usr/bin/../lib/gcc/arm-none-eabi/13.2.1/../../../../arm-none-eabi/lib/thumb/v7-m/nofp/libc.a(libc_a-mprec.o)
 *fill*         0x0800a229        0x3 
 .rodata.p05.0  0x0800a22c        0xc /usr/bin/../lib/gcc/arm-none-eabi/13.2.1/../../../../arm-none-eabi/lib/thumb/v7-m/nofp/libc.a(libc_a-mprec.o)
 .rodata.__mprec_bigtens
                0x0800a238       0x28 /usr/bin/../lib/gcc/arm-none-eabi/13.2.1/../../../../arm-none-eabi/lib/thumb/v7-m/nofp/libc.a(libc_a-mprec.o)
                0x0800a238                __mprec_bigtens
 .rodata.__mprec_tens
                0x0800a260       0xc8 /usr/bin/../lib/gcc/arm-none-eabi/13.2.1/../../../../arm-none-eabi/lib/thumb/v7-m/nofp/libc.a(libc_a-mprec.o)
                0x0800a260                __mprec_tens
 .rodata._vfiprintf_r.str1.4
                0x0800a328       0x2f /usr/bin/../lib/gcc/arm-none-eabi/13.2.1/../../../../arm-none-eabi/lib/thumb/v7-m/nofp/libc.a(libc_a-vfiprintf.o)
 .rodata.zeroes.0
                0x0800a328       0x10 /usr/bin/../lib/gcc/arm-none-eabi/13.2.1/../../../../arm-none-eabi/lib/thumb/v7-m/nofp/libc.a(libc_a-vfiprintf.o)
 .rodata.blanks.1
                0x0800a338       0x10 /usr/bin/../lib/gcc/arm-none-eabi/13.2.1/../../../../arm-none-eabi/lib/thumb/v7-m/nofp/libc.a(libc_a-vfiprintf.o)
                0x0800a358                        . = ALIGN (0x4)

.ARM.extab      0x0800a348        0x0
                0x0800a348                        . = ALIGN (0x4)
 *(.ARM.extab* .gnu.linkonce.armextab.*)
                0x0800a348                        . = ALIGN (0x4)

.ARM            0x0800a348        0x8
                0x0800a348                        . = ALIGN (0x4)
                0x0800a348                        __exidx_start = .
 *(.ARM.exidx*)
 .ARM.exidx     0x0800a348        0x8 /usr/bin/../lib/gcc/arm-none-eabi/13.2.1/../../../../arm-none-eabi/lib/thumb/v7-m/nofp/libc.a(libc_a-memcpy.o)
 .ARM.exidx.text.__udivmoddi4
                0x0800a350        0x0 /usr/bin/../lib/gcc/arm-none-eabi/13.2.1/thumb/v7-m/nofp/libgcc.a(_udivmoddi4.o)
                                  0x8 (size before relaxing)
                0x0800a350                        __exidx_end = .
                0x0800a350                        . = ALIGN (0x4)

.rel.dyn        0x0800a350        0x0
 .rel.iplt      0x0800a350        0x0 /usr/bin/../lib/gcc/arm-none-eabi/13.2.1/thumb/v7-m/nofp/crtbegin.o

.preinit_array  0x0800a350        0x0
                0x0800a350                        . = ALIGN (0x4)
                0x0800a350                        PROVIDE (__preinit_array_start = .)
 *(.preinit_array*)
                0x0800a350                        PROVIDE (__preinit_array_end = .)
                0x0800a350                        . = ALIGN (0x4)

.init_array     0x0800a350        0x8
                0x0800a350                        . = ALIGN (0x4)
                0x0800a350                        PROVIDE (__init_array_start = .)
 *(SORT_BY_NAME(.init_array.*))
 .init_array.00000
                0x0800a350        0x4 /usr/bin/../lib/gcc/arm-none-eabi/13.2.1/../../../../arm-none-eabi/lib/thumb/v7-m/nofp/libc.a(libc_a-__call_atexit.o)
 *(.init_array*)
 .init_array    0x0800a354        0x4 /usr/bin/../lib/gcc/arm-none-eabi/13.2.1/thumb/v7-m/nofp/crtbegin.o
                0x0800a358                        PROVIDE (__init_array_end = .)
                0x0800a358                        . = ALIGN (0x4)

.fini_array     0x0800a358        0x4
                0x0800a358                        . = ALIGN (0x4)
                0x0800a358                        PROVIDE (__fini_array_start = .)
 *(SORT_BY_NAME(.fini_array.*))
 *(.fini_array*)
 .fini_array    0x0800a358        0x4 /usr/bin/../lib/gcc/arm-none-eabi/13.2.1/thumb/v7-m/nofp/crtbegin.o
                0x0800a35c                        PROVIDE (__fini_array_end = .)
                0x0800a35c                        . = ALIGN (0x4)
                0x0800a35c                        _sidata = LOADADDR (.data)

.data           0x20000000      0x6c4 load address 0x0800a35c
                0x20000000                        . = ALIGN (0x4)
                0x20000000                        _sdata = .
 *(.data)
 *(.data*)
 .data.serial   0x20000000        0x4 CMakeFiles/target.elf.dir/Core/Src/UART/serial.c.obj
 .data.SystemCoreClock
                0x20000004        0x4 CMakeFiles/target.elf.dir/Core/Src/system_stm32l1xx.c.obj
                0x20000004                SystemCoreClock
 .data.uwTickPrio
                0x20000008        0x4 CMakeFiles/target.elf.dir/Drivers/STM32L1xx_HAL_Driver/Src/stm32l1xx_hal.c.obj
                0x20000008                uwTickPrio
 .data.uwTickFreq
                0x2000000c        0x4 CMakeFiles/target.elf.dir/Drivers/STM32L1xx_HAL_Driver/Src/stm32l1xx_hal.c.obj
                0x2000000c                uwTickFreq
 .data.__atexit_recursive_mutex
                0x20000010        0x4 /usr/bin/../lib/gcc/arm-none-eabi/13.2.1/../../../../arm-none-eabi/lib/thumb/v7-m/nofp/libc.a(libc_a-__call_atexit.o)
                0x20000010                __atexit_recursive_mutex
 .data._impure_ptr
                0x20000014        0x4 /usr/bin/../lib/gcc/arm-none-eabi/13.2.1/../../../../arm-none-eabi/lib/thumb/v7-m/nofp/libc.a(libc_a-impure.o)
                0x20000014                _impure_ptr
 .data._impure_data
                0x20000018      0x120 /usr/bin/../lib/gcc/arm-none-eabi/13.2.1/../../../../arm-none-eabi/lib/thumb/v7-m/nofp/libc.a(libc_a-impure.o)
                0x20000018                _impure_data
 .data.__sglue  0x20000138        0xc /usr/bin/../lib/gcc/arm-none-eabi/13.2.1/../../../../arm-none-eabi/lib/thumb/v7-m/nofp/libc.a(libc_a-findfp.o)
                0x20000138                __sglue
 .data.__malloc_sbrk_base
                0x20000144        0x4 /usr/bin/../lib/gcc/arm-none-eabi/13.2.1/../../../../arm-none-eabi/lib/thumb/v7-m/nofp/libc.a(libc_a-mallocr.o)
                0x20000144                __malloc_sbrk_base
 .data.__malloc_trim_threshold
                0x20000148        0x4 /usr/bin/../lib/gcc/arm-none-eabi/13.2.1/../../../../arm-none-eabi/lib/thumb/v7-m/nofp/libc.a(libc_a-mallocr.o)
                0x20000148                __malloc_trim_threshold
 *fill*         0x2000014c        0x4 
 .data.__malloc_av_
                0x20000150      0x408 /usr/bin/../lib/gcc/arm-none-eabi/13.2.1/../../../../arm-none-eabi/lib/thumb/v7-m/nofp/libc.a(libc_a-mallocr.o)
                0x20000150                __malloc_av_
 .data.__global_locale
                0x20000558      0x16c /usr/bin/../lib/gcc/arm-none-eabi/13.2.1/../../../../arm-none-eabi/lib/thumb/v7-m/nofp/libc.a(libc_a-locale.o)
                0x20000558                __global_locale
 *(.RamFunc)
 *(.RamFunc*)
                0x200006c4                        . = ALIGN (0x4)
                0x200006c4                        _edata = .

.tm_clone_table
                0x200006c4        0x0 load address 0x0800aa20
 .tm_clone_table
                0x200006c4        0x0 /usr/bin/../lib/gcc/arm-none-eabi/13.2.1/thumb/v7-m/nofp/crtbegin.o
 .tm_clone_table
                0x200006c4        0x0 /usr/bin/../lib/gcc/arm-none-eabi/13.2.1/thumb/v7-m/nofp/crtend.o

.igot.plt       0x200006c4        0x0 load address 0x0800aa20
 .igot.plt      0x200006c4        0x0 /usr/bin/../lib/gcc/arm-none-eabi/13.2.1/thumb/v7-m/nofp/crtbegin.o
                0x200006c4                        . = ALIGN (0x4)

.bss            0x200006c4      0x3d4 load address 0x0800aa20
                0x200006c4                        _sbss = .
                0x200006c4                        __bss_start__ = _sbss
 *(.bss)
 *(.bss*)
 .bss.completed.1
                0x200006c4        0x1 /usr/bin/../lib/gcc/arm-none-eabi/13.2.1/thumb/v7-m/nofp/crtbegin.o
 *fill*         0x200006c5        0x3 
 .bss.object.0  0x200006c8       0x18 /usr/bin/../lib/gcc/arm-none-eabi/13.2.1/thumb/v7-m/nofp/crtbegin.o
 .bss.hi2c1     0x200006e0       0x54 CMakeFiles/target.elf.dir/Core/Src/main.c.obj
                0x200006e0                hi2c1
 .bss.huart1    0x20000734       0x48 CMakeFiles/target.elf.dir/Core/Src/main.c.obj
                0x20000734                huart1
 .bss.__sbrk_heap_end
                0x2000077c        0x4 CMakeFiles/target.elf.dir/Core/Src/sysmem.c.obj
 .bss.uwTick    0x20000780        0x4 CMakeFiles/target.elf.dir/Drivers/STM32L1xx_HAL_Driver/Src/stm32l1xx_hal.c.obj
                0x20000780                uwTick
 .bss.__atexit  0x20000784        0x4 /usr/bin/../lib/gcc/arm-none-eabi/13.2.1/../../../../arm-none-eabi/lib/thumb/v7-m/nofp/libc.a(libc_a-__call_atexit.o)
                0x20000784                __atexit
 .bss.__lock___malloc_recursive_mutex
                0x20000788        0x1 /usr/bin/../lib/gcc/arm-none-eabi/13.2.1/../../../../arm-none-eabi/lib/thumb/v7-m/nofp/libc.a(libc_a-lock.o)
                0x20000788                __lock___malloc_recursive_mutex
 *fill*         0x20000789        0x3 
 .bss.__lock___atexit_recursive_mutex
                0x2000078c        0x1 /usr/bin/../lib/gcc/arm-none-eabi/13.2.1/../../../../arm-none-eabi/lib/thumb/v7-m/nofp/libc.a(libc_a-lock.o)
                0x2000078c                __lock___atexit_recursive_mutex
 *fill*         0x2000078d        0x3 
 .bss.__lock___sfp_recursive_mutex
                0x20000790        0x1 /usr/bin/../lib/gcc/arm-none-eabi/13.2.1/../../../../arm-none-eabi/lib/thumb/v7-m/nofp/libc.a(libc_a-lock.o)
                0x20000790                __lock___sfp_recursive_mutex
 *fill*         0x20000791        0x3 
 .bss.__sf      0x20000794      0x138 /usr/bin/../lib/gcc/arm-none-eabi/13.2.1/../../../../arm-none-eabi/lib/thumb/v7-m/nofp/libc.a(libc_a-findfp.o)
                0x20000794                __sf
 .bss.__stdio_exit_handler
                0x200008cc        0x4 /usr/bin/../lib/gcc/arm-none-eabi/13.2.1/../../../../arm-none-eabi/lib/thumb/v7-m/nofp/libc.a(libc_a-findfp.o)
                0x200008cc                __stdio_exit_handler
 .bss.__atexit0
                0x200008d0      0x190 /usr/bin/../lib/gcc/arm-none-eabi/13.2.1/../../../../arm-none-eabi/lib/thumb/v7-m/nofp/libc.a(libc_a-__atexit.o)
                0x200008d0                __atexit0
 .bss.__malloc_current_mallinfo
                0x20000a60       0x28 /usr/bin/../lib/gcc/arm-none-eabi/13.2.1/../../../../arm-none-eabi/lib/thumb/v7-m/nofp/libc.a(libc_a-mallocr.o)
                0x20000a60                __malloc_current_mallinfo
 .bss.__malloc_max_total_mem
                0x20000a88        0x4 /usr/bin/../lib/gcc/arm-none-eabi/13.2.1/../../../../arm-none-eabi/lib/thumb/v7-m/nofp/libc.a(libc_a-mallocr.o)
                0x20000a88                __malloc_max_total_mem
 .bss.__malloc_max_sbrked_mem
                0x20000a8c        0x4 /usr/bin/../lib/gcc/arm-none-eabi/13.2.1/../../../../arm-none-eabi/lib/thumb/v7-m/nofp/libc.a(libc_a-mallocr.o)
                0x20000a8c                __malloc_max_sbrked_mem
 .bss.__malloc_top_pad
                0x20000a90        0x4 /usr/bin/../lib/gcc/arm-none-eabi/13.2.1/../../../../arm-none-eabi/lib/thumb/v7-m/nofp/libc.a(libc_a-mallocr.o)
                0x20000a90                __malloc_top_pad
 .bss.errno     0x20000a94        0x4 /usr/bin/../lib/gcc/arm-none-eabi/13.2.1/../../../../arm-none-eabi/lib/thumb/v7-m/nofp/libc.a(libc_a-reent.o)
                0x20000a94                errno
 *(COMMON)
                0x20000a98                        . = ALIGN (0x4)
                0x20000a98                        _ebss = .
                0x20000a98                        __bss_end__ = _ebss

._user_heap_stack
                0x20000a98      0x600 load address 0x0800aa20
                0x20000a98                        . = ALIGN (0x8)
                [!provide]                        PROVIDE (end = .)
                0x20000a98                        PROVIDE (_end = .)
                0x20000c98                        . = (. + _Min_Heap_Size)
 *fill*         0x20000a98      0x200 
                0x20001098                        . = (. + _Min_Stack_Size)
 *fill*         0x20000c98      0x400 
                0x20001098                        . = ALIGN (0x8)

/DISCARD/
 libc.a(*)
 libm.a(*)
 libgcc.a(*)

.ARM.attributes
                0x00000000       0x29
 *(.ARM.attributes)
 .ARM.attributes
                0x00000000       0x1d /usr/bin/../lib/gcc/arm-none-eabi/13.2.1/thumb/v7-m/nofp/crti.o
 .ARM.attributes
                0x0000001d       0x2d /usr/bin/../lib/gcc/arm-none-eabi/13.2.1/thumb/v7-m/nofp/crtbegin.o
 .ARM.attributes
                0x0000004a       0x2d CMakeFiles/target.elf.dir/Core/Src/I2C/i2c.c.obj
 .ARM.attributes
                0x00000077       0x2d CMakeFiles/target.elf.dir/Core/Src/LCD/lcd.c.obj
 .ARM.attributes
                0x000000a4       0x2d CMakeFiles/target.elf.dir/Core/Src/UART/serial.c.obj
 .ARM.attributes
                0x000000d1       0x2d CMakeFiles/target.elf.dir/Core/Src/index.c.obj
 .ARM.attributes
                0x000000fe       0x2d CMakeFiles/target.elf.dir/Core/Src/main.c.obj
 .ARM.attributes
                0x0000012b       0x2d CMakeFiles/target.elf.dir/Core/Src/stm32l1xx_hal_msp.c.obj
 .ARM.attributes
                0x00000158       0x2d CMakeFiles/target.elf.dir/Core/Src/stm32l1xx_it.c.obj
 .ARM.attributes
                0x00000185       0x2d CMakeFiles/target.elf.dir/Core/Src/syscalls.c.obj
 .ARM.attributes
                0x000001b2       0x2d CMakeFiles/target.elf.dir/Core/Src/sysmem.c.obj
 .ARM.attributes
                0x000001df       0x2d CMakeFiles/target.elf.dir/Core/Src/system_stm32l1xx.c.obj
 .ARM.attributes
                0x0000020c       0x21 CMakeFiles/target.elf.dir/Core/Startup/startup_stm32l152retx.s.obj
 .ARM.attributes
                0x0000022d       0x2d CMakeFiles/target.elf.dir/Drivers/STM32L1xx_HAL_Driver/Src/stm32l1xx_hal.c.obj
 .ARM.attributes
                0x0000025a       0x2d CMakeFiles/target.elf.dir/Drivers/STM32L1xx_HAL_Driver/Src/stm32l1xx_hal_cortex.c.obj
 .ARM.attributes
                0x00000287       0x2d CMakeFiles/target.elf.dir/Drivers/STM32L1xx_HAL_Driver/Src/stm32l1xx_hal_gpio.c.obj
 .ARM.attributes
                0x000002b4       0x2d CMakeFiles/target.elf.dir/Drivers/STM32L1xx_HAL_Driver/Src/stm32l1xx_hal_i2c.c.obj
 .ARM.attributes
                0x000002e1       0x2d CMakeFiles/target.elf.dir/Drivers/STM32L1xx_HAL_Driver/Src/stm32l1xx_hal_rcc.c.obj
 .ARM.attributes
                0x0000030e       0x2d CMakeFiles/target.elf.dir/Drivers/STM32L1xx_HAL_Driver/Src/stm32l1xx_hal_uart.c.obj
 .ARM.attributes
                0x0000033b       0x1d /usr/bin/../lib/gcc/arm-none-eabi/13.2.1/thumb/v7-m/nofp/libgcc.a(_aeabi_uldivmod.o)
 .ARM.attributes
                0x00000358       0x2d /usr/bin/../lib/gcc/arm-none-eabi/13.2.1/thumb/v7-m/nofp/libgcc.a(_udivmoddi4.o)
 .ARM.attributes
                0x00000385       0x1d /usr/bin/../lib/gcc/arm-none-eabi/13.2.1/thumb/v7-m/nofp/libgcc.a(_dvmd_tls.o)
 .ARM.attributes
                0x000003a2       0x2d /usr/bin/../lib/gcc/arm-none-eabi/13.2.1/../../../../arm-none-eabi/lib/thumb/v7-m/nofp/libc.a(libc_a-errno.o)
 .ARM.attributes
                0x000003cf       0x2d /usr/bin/../lib/gcc/arm-none-eabi/13.2.1/../../../../arm-none-eabi/lib/thumb/v7-m/nofp/libc.a(libc_a-__call_atexit.o)
 .ARM.attributes
                0x000003fc       0x2d /usr/bin/../lib/gcc/arm-none-eabi/13.2.1/../../../../arm-none-eabi/lib/thumb/v7-m/nofp/libc.a(libc_a-memset.o)
 .ARM.attributes
                0x00000429       0x2d /usr/bin/../lib/gcc/arm-none-eabi/13.2.1/../../../../arm-none-eabi/lib/thumb/v7-m/nofp/libc.a(libc_a-init.o)
 .ARM.attributes
                0x00000456       0x2d /usr/bin/../lib/gcc/arm-none-eabi/13.2.1/../../../../arm-none-eabi/lib/thumb/v7-m/nofp/libc.a(libc_a-fini.o)
 .ARM.attributes
                0x00000483       0x2d /usr/bin/../lib/gcc/arm-none-eabi/13.2.1/../../../../arm-none-eabi/lib/thumb/v7-m/nofp/libc.a(libc_a-lock.o)
 .ARM.attributes
                0x000004b0       0x2d /usr/bin/../lib/gcc/arm-none-eabi/13.2.1/../../../../arm-none-eabi/lib/thumb/v7-m/nofp/libc.a(libc_a-atexit.o)
 .ARM.attributes
                0x000004dd       0x2d /usr/bin/../lib/gcc/arm-none-eabi/13.2.1/../../../../arm-none-eabi/lib/thumb/v7-m/nofp/libc.a(libc_a-impure.o)
 .ARM.attributes
                0x0000050a       0x2d /usr/bin/../lib/gcc/arm-none-eabi/13.2.1/../../../../arm-none-eabi/lib/thumb/v7-m/nofp/libc.a(libc_a-findfp.o)
 .ARM.attributes
                0x00000537       0x2d /usr/bin/../lib/gcc/arm-none-eabi/13.2.1/../../../../arm-none-eabi/lib/thumb/v7-m/nofp/libc.a(libc_a-strlen-stub.o)
 .ARM.attributes
                0x00000564       0x2d /usr/bin/../lib/gcc/arm-none-eabi/13.2.1/../../../../arm-none-eabi/lib/thumb/v7-m/nofp/libc.a(libc_a-snprintf.o)
 .ARM.attributes
                0x00000591       0x2d /usr/bin/../lib/gcc/arm-none-eabi/13.2.1/../../../../arm-none-eabi/lib/thumb/v7-m/nofp/libc.a(libc_a-stdio.o)
 .ARM.attributes
                0x000005be       0x2d /usr/bin/../lib/gcc/arm-none-eabi/13.2.1/../../../../arm-none-eabi/lib/thumb/v7-m/nofp/libc.a(libc_a-fwalk.o)
 .ARM.attributes
                0x000005eb       0x2d /usr/bin/../lib/gcc/arm-none-eabi/13.2.1/../../../../arm-none-eabi/lib/thumb/v7-m/nofp/libc.a(libc_a-writer.o)
 .ARM.attributes
                0x00000618       0x2d /usr/bin/../lib/gcc/arm-none-eabi/13.2.1/../../../../arm-none-eabi/lib/thumb/v7-m/nofp/libc.a(libc_a-svfprintf.o)
 .ARM.attributes
                0x00000645       0x2d /usr/bin/../lib/gcc/arm-none-eabi/13.2.1/../../../../arm-none-eabi/lib/thumb/v7-m/nofp/libc.a(libc_a-__atexit.o)
 .ARM.attributes
                0x00000672       0x2d /usr/bin/../lib/gcc/arm-none-eabi/13.2.1/../../../../arm-none-eabi/lib/thumb/v7-m/nofp/libc.a(libc_a-mallocr.o)
 .ARM.attributes
                0x0000069f       0x2d /usr/bin/../lib/gcc/arm-none-eabi/13.2.1/../../../../arm-none-eabi/lib/thumb/v7-m/nofp/libc.a(libc_a-wcrtomb.o)
 .ARM.attributes
                0x000006cc       0x2d /usr/bin/../lib/gcc/arm-none-eabi/13.2.1/../../../../arm-none-eabi/lib/thumb/v7-m/nofp/libc.a(libc_a-locale.o)
 .ARM.attributes
                0x000006f9       0x2d /usr/bin/../lib/gcc/arm-none-eabi/13.2.1/../../../../arm-none-eabi/lib/thumb/v7-m/nofp/libc.a(libc_a-localeconv.o)
 .ARM.attributes
                0x00000726       0x2d /usr/bin/../lib/gcc/arm-none-eabi/13.2.1/../../../../arm-none-eabi/lib/thumb/v7-m/nofp/libc.a(libc_a-fclose.o)
 .ARM.attributes
                0x00000753       0x2d /usr/bin/../lib/gcc/arm-none-eabi/13.2.1/../../../../arm-none-eabi/lib/thumb/v7-m/nofp/libc.a(libc_a-sysconf.o)
 .ARM.attributes
                0x00000780       0x2d /usr/bin/../lib/gcc/arm-none-eabi/13.2.1/../../../../arm-none-eabi/lib/thumb/v7-m/nofp/libc.a(libc_a-mlock.o)
 .ARM.attributes
                0x000007ad       0x2d /usr/bin/../lib/gcc/arm-none-eabi/13.2.1/../../../../arm-none-eabi/lib/thumb/v7-m/nofp/libc.a(libc_a-wcsrtombs.o)
 .ARM.attributes
                0x000007da       0x2d /usr/bin/../lib/gcc/arm-none-eabi/13.2.1/../../../../arm-none-eabi/lib/thumb/v7-m/nofp/libc.a(libc_a-dtoa.o)
 .ARM.attributes
                0x00000807       0x2d /usr/bin/../lib/gcc/arm-none-eabi/13.2.1/../../../../arm-none-eabi/lib/thumb/v7-m/nofp/libc.a(libc_a-ctype_.o)
 .ARM.attributes
                0x00000834       0x2d /usr/bin/../lib/gcc/arm-none-eabi/13.2.1/../../../../arm-none-eabi/lib/thumb/v7-m/nofp/libc.a(libc_a-closer.o)
 .ARM.attributes
                0x00000861       0x2d /usr/bin/../lib/gcc/arm-none-eabi/13.2.1/../../../../arm-none-eabi/lib/thumb/v7-m/nofp/libc.a(libc_a-reent.o)
 .ARM.attributes
                0x0000088e       0x2d /usr/bin/../lib/gcc/arm-none-eabi/13.2.1/../../../../arm-none-eabi/lib/thumb/v7-m/nofp/libc.a(libc_a-fflush.o)
 .ARM.attributes
                0x000008bb       0x2d /usr/bin/../lib/gcc/arm-none-eabi/13.2.1/../../../../arm-none-eabi/lib/thumb/v7-m/nofp/libc.a(libc_a-memchr-stub.o)
 .ARM.attributes
                0x000008e8       0x1b /usr/bin/../lib/gcc/arm-none-eabi/13.2.1/../../../../arm-none-eabi/lib/thumb/v7-m/nofp/libc.a(libc_a-memcpy.o)
 .ARM.attributes
                0x00000903       0x2d /usr/bin/../lib/gcc/arm-none-eabi/13.2.1/../../../../arm-none-eabi/lib/thumb/v7-m/nofp/libc.a(libm_a-s_frexp.o)
 .ARM.attributes
                0x00000930       0x2d /usr/bin/../lib/gcc/arm-none-eabi/13.2.1/../../../../arm-none-eabi/lib/thumb/v7-m/nofp/libc.a(libc_a-freer.o)
 .ARM.attributes
                0x0000095d       0x2d /usr/bin/../lib/gcc/arm-none-eabi/13.2.1/../../../../arm-none-eabi/lib/thumb/v7-m/nofp/libc.a(libc_a-strncpy.o)
 .ARM.attributes
                0x0000098a       0x2d /usr/bin/../lib/gcc/arm-none-eabi/13.2.1/../../../../arm-none-eabi/lib/thumb/v7-m/nofp/libc.a(libc_a-lseekr.o)
 .ARM.attributes
                0x000009b7       0x2d /usr/bin/../lib/gcc/arm-none-eabi/13.2.1/../../../../arm-none-eabi/lib/thumb/v7-m/nofp/libc.a(libc_a-readr.o)
 .ARM.attributes
                0x000009e4       0x2d /usr/bin/../lib/gcc/arm-none-eabi/13.2.1/../../../../arm-none-eabi/lib/thumb/v7-m/nofp/libc.a(libc_a-wctomb_r.o)
 .ARM.attributes
                0x00000a11       0x2d /usr/bin/../lib/gcc/arm-none-eabi/13.2.1/../../../../arm-none-eabi/lib/thumb/v7-m/nofp/libc.a(libc_a-sbrkr.o)
 .ARM.attributes
                0x00000a3e       0x2d /usr/bin/../lib/gcc/arm-none-eabi/13.2.1/../../../../arm-none-eabi/lib/thumb/v7-m/nofp/libc.a(libc_a-svfiprintf.o)
 .ARM.attributes
                0x00000a6b       0x2d /usr/bin/../lib/gcc/arm-none-eabi/13.2.1/../../../../arm-none-eabi/lib/thumb/v7-m/nofp/libc.a(libc_a-mbtowc_r.o)
 .ARM.attributes
                0x00000a98       0x2d /usr/bin/../lib/gcc/arm-none-eabi/13.2.1/../../../../arm-none-eabi/lib/thumb/v7-m/nofp/libc.a(libc_a-memmove.o)
 .ARM.attributes
                0x00000ac5       0x2d /usr/bin/../lib/gcc/arm-none-eabi/13.2.1/../../../../arm-none-eabi/lib/thumb/v7-m/nofp/libc.a(libc_a-assert.o)
 .ARM.attributes
                0x00000af2       0x2d /usr/bin/../lib/gcc/arm-none-eabi/13.2.1/../../../../arm-none-eabi/lib/thumb/v7-m/nofp/libc.a(libc_a-mprec.o)
 .ARM.attributes
                0x00000b1f       0x2d /usr/bin/../lib/gcc/arm-none-eabi/13.2.1/../../../../arm-none-eabi/lib/thumb/v7-m/nofp/libc.a(libc_a-callocr.o)
 .ARM.attributes
                0x00000b4c       0x2d /usr/bin/../lib/gcc/arm-none-eabi/13.2.1/../../../../arm-none-eabi/lib/thumb/v7-m/nofp/libc.a(libc_a-wcsnrtombs.o)
 .ARM.attributes
                0x00000b79       0x2d /usr/bin/../lib/gcc/arm-none-eabi/13.2.1/../../../../arm-none-eabi/lib/thumb/v7-m/nofp/libc.a(libc_a-reallocr.o)
 .ARM.attributes
                0x00000ba6       0x2d /usr/bin/../lib/gcc/arm-none-eabi/13.2.1/../../../../arm-none-eabi/lib/thumb/v7-m/nofp/libc.a(libc_a-fiprintf.o)
 .ARM.attributes
                0x00000bd3       0x2d /usr/bin/../lib/gcc/arm-none-eabi/13.2.1/../../../../arm-none-eabi/lib/thumb/v7-m/nofp/libc.a(libc_a-vfiprintf.o)
 .ARM.attributes
                0x00000c00       0x2d /usr/bin/../lib/gcc/arm-none-eabi/13.2.1/../../../../arm-none-eabi/lib/thumb/v7-m/nofp/libc.a(libc_a-abort.o)
 .ARM.attributes
                0x00000c2d       0x2d /usr/bin/../lib/gcc/arm-none-eabi/13.2.1/../../../../arm-none-eabi/lib/thumb/v7-m/nofp/libc.a(libc_a-wsetup.o)
 .ARM.attributes
                0x00000c5a       0x2d /usr/bin/../lib/gcc/arm-none-eabi/13.2.1/../../../../arm-none-eabi/lib/thumb/v7-m/nofp/libc.a(libc_a-makebuf.o)
 .ARM.attributes
                0x00000c87       0x2d /usr/bin/../lib/gcc/arm-none-eabi/13.2.1/../../../../arm-none-eabi/lib/thumb/v7-m/nofp/libc.a(libc_a-fstatr.o)
 .ARM.attributes
                0x00000cb4       0x2d /usr/bin/../lib/gcc/arm-none-eabi/13.2.1/../../../../arm-none-eabi/lib/thumb/v7-m/nofp/libc.a(libc_a-signal.o)
 .ARM.attributes
                0x00000ce1       0x2d /usr/bin/../lib/gcc/arm-none-eabi/13.2.1/../../../../arm-none-eabi/lib/thumb/v7-m/nofp/libc.a(libc_a-isattyr.o)
 .ARM.attributes
                0x00000d0e       0x2d /usr/bin/../lib/gcc/arm-none-eabi/13.2.1/../../../../arm-none-eabi/lib/thumb/v7-m/nofp/libc.a(libc_a-fputwc.o)
 .ARM.attributes
                0x00000d3b       0x2d /usr/bin/../lib/gcc/arm-none-eabi/13.2.1/../../../../arm-none-eabi/lib/thumb/v7-m/nofp/libc.a(libc_a-signalr.o)
 .ARM.attributes
                0x00000d68       0x2d /usr/bin/../lib/gcc/arm-none-eabi/13.2.1/../../../../arm-none-eabi/lib/thumb/v7-m/nofp/libc.a(libc_a-fvwrite.o)
 .ARM.attributes
                0x00000d95       0x2d /usr/bin/../lib/gcc/arm-none-eabi/13.2.1/../../../../arm-none-eabi/lib/thumb/v7-m/nofp/libc.a(libc_a-wbuf.o)
 .ARM.attributes
                0x00000dc2       0x1d /usr/bin/../lib/gcc/arm-none-eabi/13.2.1/thumb/v7-m/nofp/libgcc.a(_arm_addsubdf3.o)
 .ARM.attributes
                0x00000ddf       0x1d /usr/bin/../lib/gcc/arm-none-eabi/13.2.1/thumb/v7-m/nofp/libgcc.a(_arm_muldivdf3.o)
 .ARM.attributes
                0x00000dfc       0x1d /usr/bin/../lib/gcc/arm-none-eabi/13.2.1/thumb/v7-m/nofp/libgcc.a(_arm_cmpdf2.o)
 .ARM.attributes
                0x00000e19       0x1d /usr/bin/../lib/gcc/arm-none-eabi/13.2.1/thumb/v7-m/nofp/libgcc.a(_arm_unorddf2.o)
 .ARM.attributes
                0x00000e36       0x1d /usr/bin/../lib/gcc/arm-none-eabi/13.2.1/thumb/v7-m/nofp/libgcc.a(_arm_fixdfsi.o)
 .ARM.attributes
                0x00000e53       0x2d /usr/bin/../lib/gcc/arm-none-eabi/13.2.1/thumb/v7-m/nofp/crtend.o
 .ARM.attributes
                0x00000e80       0x1d /usr/bin/../lib/gcc/arm-none-eabi/13.2.1/thumb/v7-m/nofp/crtn.o
OUTPUT(target.elf elf32-littlearm)
LOAD linker stubs
LOAD /usr/bin/../lib/gcc/arm-none-eabi/13.2.1/../../../../arm-none-eabi/lib/thumb/v7-m/nofp/libc.a
LOAD /usr/bin/../lib/gcc/arm-none-eabi/13.2.1/../../../../arm-none-eabi/lib/thumb/v7-m/nofp/libm.a
LOAD /usr/bin/../lib/gcc/arm-none-eabi/13.2.1/thumb/v7-m/nofp/libgcc.a

.debug_info     0x00000000     0xbafa
 .debug_info    0x00000000      0x6aa CMakeFiles/target.elf.dir/Core/Src/I2C/i2c.c.obj
 .debug_info    0x000006aa      0x786 CMakeFiles/target.elf.dir/Core/Src/LCD/lcd.c.obj
 .debug_info    0x00000e30      0x6ab CMakeFiles/target.elf.dir/Core/Src/UART/serial.c.obj
 .debug_info    0x000014db      0xb4f CMakeFiles/target.elf.dir/Core/Src/index.c.obj
 .debug_info    0x0000202a      0xddf CMakeFiles/target.elf.dir/Core/Src/main.c.obj
 .debug_info    0x00002e09      0xb1f CMakeFiles/target.elf.dir/Core/Src/stm32l1xx_hal_msp.c.obj
 .debug_info    0x00003928      0x10f CMakeFiles/target.elf.dir/Core/Src/stm32l1xx_it.c.obj
 .debug_info    0x00003a37      0x69f CMakeFiles/target.elf.dir/Core/Src/syscalls.c.obj
 .debug_info    0x000040d6      0x164 CMakeFiles/target.elf.dir/Core/Src/sysmem.c.obj
 .debug_info    0x0000423a      0x278 CMakeFiles/target.elf.dir/Core/Src/system_stm32l1xx.c.obj
 .debug_info    0x000044b2       0x30 CMakeFiles/target.elf.dir/Core/Startup/startup_stm32l152retx.s.obj
 .debug_info    0x000044e2      0x6eb CMakeFiles/target.elf.dir/Drivers/STM32L1xx_HAL_Driver/Src/stm32l1xx_hal.c.obj
 .debug_info    0x00004bcd      0xcac CMakeFiles/target.elf.dir/Drivers/STM32L1xx_HAL_Driver/Src/stm32l1xx_hal_cortex.c.obj
 .debug_info    0x00005879      0x5ae CMakeFiles/target.elf.dir/Drivers/STM32L1xx_HAL_Driver/Src/stm32l1xx_hal_gpio.c.obj
 .debug_info    0x00005e27     0x23a0 CMakeFiles/target.elf.dir/Drivers/STM32L1xx_HAL_Driver/Src/stm32l1xx_hal_i2c.c.obj
 .debug_info    0x000081c7      0x98d CMakeFiles/target.elf.dir/Drivers/STM32L1xx_HAL_Driver/Src/stm32l1xx_hal_rcc.c.obj
 .debug_info    0x00008b54     0x2fa6 CMakeFiles/target.elf.dir/Drivers/STM32L1xx_HAL_Driver/Src/stm32l1xx_hal_uart.c.obj

.debug_abbrev   0x00000000     0x1f24
 .debug_abbrev  0x00000000      0x184 CMakeFiles/target.elf.dir/Core/Src/I2C/i2c.c.obj
 .debug_abbrev  0x00000184      0x1e8 CMakeFiles/target.elf.dir/Core/Src/LCD/lcd.c.obj
 .debug_abbrev  0x0000036c      0x1c0 CMakeFiles/target.elf.dir/Core/Src/UART/serial.c.obj
 .debug_abbrev  0x0000052c      0x21d CMakeFiles/target.elf.dir/Core/Src/index.c.obj
 .debug_abbrev  0x00000749      0x26b CMakeFiles/target.elf.dir/Core/Src/main.c.obj
 .debug_abbrev  0x000009b4      0x1a8 CMakeFiles/target.elf.dir/Core/Src/stm32l1xx_hal_msp.c.obj
 .debug_abbrev  0x00000b5c       0x71 CMakeFiles/target.elf.dir/Core/Src/stm32l1xx_it.c.obj
 .debug_abbrev  0x00000bcd      0x1b4 CMakeFiles/target.elf.dir/Core/Src/syscalls.c.obj
 .debug_abbrev  0x00000d81       0xba CMakeFiles/target.elf.dir/Core/Src/sysmem.c.obj
 .debug_abbrev  0x00000e3b      0x11a CMakeFiles/target.elf.dir/Core/Src/system_stm32l1xx.c.obj
 .debug_abbrev  0x00000f55       0x24 CMakeFiles/target.elf.dir/Core/Startup/startup_stm32l152retx.s.obj
 .debug_abbrev  0x00000f79      0x273 CMakeFiles/target.elf.dir/Drivers/STM32L1xx_HAL_Driver/Src/stm32l1xx_hal.c.obj
 .debug_abbrev  0x000011ec      0x325 CMakeFiles/target.elf.dir/Drivers/STM32L1xx_HAL_Driver/Src/stm32l1xx_hal_cortex.c.obj
 .debug_abbrev  0x00001511      0x1d2 CMakeFiles/target.elf.dir/Drivers/STM32L1xx_HAL_Driver/Src/stm32l1xx_hal_gpio.c.obj
 .debug_abbrev  0x000016e3      0x296 CMakeFiles/target.elf.dir/Drivers/STM32L1xx_HAL_Driver/Src/stm32l1xx_hal_i2c.c.obj
 .debug_abbrev  0x00001979      0x2b6 CMakeFiles/target.elf.dir/Drivers/STM32L1xx_HAL_Driver/Src/stm32l1xx_hal_rcc.c.obj
 .debug_abbrev  0x00001c2f      0x2f5 CMakeFiles/target.elf.dir/Drivers/STM32L1xx_HAL_Driver/Src/stm32l1xx_hal_uart.c.obj

.debug_aranges  0x00000000      0xa50
 .debug_aranges
                0x00000000       0x28 CMakeFiles/target.elf.dir/Core/Src/I2C/i2c.c.obj
 .debug_aranges
                0x00000028       0x30 CMakeFiles/target.elf.dir/Core/Src/LCD/lcd.c.obj
 .debug_aranges
                0x00000058       0x38 CMakeFiles/target.elf.dir/Core/Src/UART/serial.c.obj
 .debug_aranges
                0x00000090       0x30 CMakeFiles/target.elf.dir/Core/Src/index.c.obj
 .debug_aranges
                0x000000c0       0x48 CMakeFiles/target.elf.dir/Core/Src/main.c.obj
 .debug_aranges
                0x00000108       0x40 CMakeFiles/target.elf.dir/Core/Src/stm32l1xx_hal_msp.c.obj
 .debug_aranges
                0x00000148       0x60 CMakeFiles/target.elf.dir/Core/Src/stm32l1xx_it.c.obj
 .debug_aranges
                0x000001a8       0xa8 CMakeFiles/target.elf.dir/Core/Src/syscalls.c.obj
 .debug_aranges
                0x00000250       0x20 CMakeFiles/target.elf.dir/Core/Src/sysmem.c.obj
 .debug_aranges
                0x00000270       0x28 CMakeFiles/target.elf.dir/Core/Src/system_stm32l1xx.c.obj
 .debug_aranges
                0x00000298       0x28 CMakeFiles/target.elf.dir/Core/Startup/startup_stm32l152retx.s.obj
 .debug_aranges
                0x000002c0       0xe0 CMakeFiles/target.elf.dir/Drivers/STM32L1xx_HAL_Driver/Src/stm32l1xx_hal.c.obj
 .debug_aranges
                0x000003a0      0x118 CMakeFiles/target.elf.dir/Drivers/STM32L1xx_HAL_Driver/Src/stm32l1xx_hal_cortex.c.obj
 .debug_aranges
                0x000004b8       0x58 CMakeFiles/target.elf.dir/Drivers/STM32L1xx_HAL_Driver/Src/stm32l1xx_hal_gpio.c.obj
 .debug_aranges
                0x00000510      0x2a8 CMakeFiles/target.elf.dir/Drivers/STM32L1xx_HAL_Driver/Src/stm32l1xx_hal_i2c.c.obj
 .debug_aranges
                0x000007b8       0x90 CMakeFiles/target.elf.dir/Drivers/STM32L1xx_HAL_Driver/Src/stm32l1xx_hal_rcc.c.obj
 .debug_aranges
                0x00000848      0x208 CMakeFiles/target.elf.dir/Drivers/STM32L1xx_HAL_Driver/Src/stm32l1xx_hal_uart.c.obj

.debug_rnglists
                0x00000000      0x7f5
 .debug_rnglists
                0x00000000       0x19 CMakeFiles/target.elf.dir/Core/Src/I2C/i2c.c.obj
 .debug_rnglists
                0x00000019       0x20 CMakeFiles/target.elf.dir/Core/Src/LCD/lcd.c.obj
 .debug_rnglists
                0x00000039       0x25 CMakeFiles/target.elf.dir/Core/Src/UART/serial.c.obj
 .debug_rnglists
                0x0000005e       0x20 CMakeFiles/target.elf.dir/Core/Src/index.c.obj
 .debug_rnglists
                0x0000007e       0x33 CMakeFiles/target.elf.dir/Core/Src/main.c.obj
 .debug_rnglists
                0x000000b1       0x2d CMakeFiles/target.elf.dir/Core/Src/stm32l1xx_hal_msp.c.obj
 .debug_rnglists
                0x000000de       0x43 CMakeFiles/target.elf.dir/Core/Src/stm32l1xx_it.c.obj
 .debug_rnglists
                0x00000121       0x79 CMakeFiles/target.elf.dir/Core/Src/syscalls.c.obj
 .debug_rnglists
                0x0000019a       0x13 CMakeFiles/target.elf.dir/Core/Src/sysmem.c.obj
 .debug_rnglists
                0x000001ad       0x1a CMakeFiles/target.elf.dir/Core/Src/system_stm32l1xx.c.obj
 .debug_rnglists
                0x000001c7       0x19 CMakeFiles/target.elf.dir/Core/Startup/startup_stm32l152retx.s.obj
 .debug_rnglists
                0x000001e0       0xa3 CMakeFiles/target.elf.dir/Drivers/STM32L1xx_HAL_Driver/Src/stm32l1xx_hal.c.obj
 .debug_rnglists
                0x00000283       0xce CMakeFiles/target.elf.dir/Drivers/STM32L1xx_HAL_Driver/Src/stm32l1xx_hal_cortex.c.obj
 .debug_rnglists
                0x00000351       0x3f CMakeFiles/target.elf.dir/Drivers/STM32L1xx_HAL_Driver/Src/stm32l1xx_hal_gpio.c.obj
 .debug_rnglists
                0x00000390      0x23c CMakeFiles/target.elf.dir/Drivers/STM32L1xx_HAL_Driver/Src/stm32l1xx_hal_i2c.c.obj
 .debug_rnglists
                0x000005cc       0x6d CMakeFiles/target.elf.dir/Drivers/STM32L1xx_HAL_Driver/Src/stm32l1xx_hal_rcc.c.obj
 .debug_rnglists
                0x00000639      0x1bc CMakeFiles/target.elf.dir/Drivers/STM32L1xx_HAL_Driver/Src/stm32l1xx_hal_uart.c.obj

.debug_line     0x00000000     0x8bda
 .debug_line    0x00000000      0x20f CMakeFiles/target.elf.dir/Core/Src/I2C/i2c.c.obj
 .debug_line    0x0000020f      0x2a9 CMakeFiles/target.elf.dir/Core/Src/LCD/lcd.c.obj
 .debug_line    0x000004b8      0x2db CMakeFiles/target.elf.dir/Core/Src/UART/serial.c.obj
 .debug_line    0x00000793      0x3c2 CMakeFiles/target.elf.dir/Core/Src/index.c.obj
 .debug_line    0x00000b55      0x41d CMakeFiles/target.elf.dir/Core/Src/main.c.obj
 .debug_line    0x00000f72      0x2aa CMakeFiles/target.elf.dir/Core/Src/stm32l1xx_hal_msp.c.obj
 .debug_line    0x0000121c      0x16c CMakeFiles/target.elf.dir/Core/Src/stm32l1xx_it.c.obj
 .debug_line    0x00001388      0x32c CMakeFiles/target.elf.dir/Core/Src/syscalls.c.obj
 .debug_line    0x000016b4      0x13c CMakeFiles/target.elf.dir/Core/Src/sysmem.c.obj
 .debug_line    0x000017f0      0x1fa CMakeFiles/target.elf.dir/Core/Src/system_stm32l1xx.c.obj
 .debug_line    0x000019ea       0x79 CMakeFiles/target.elf.dir/Core/Startup/startup_stm32l152retx.s.obj
 .debug_line    0x00001a63      0x4f4 CMakeFiles/target.elf.dir/Drivers/STM32L1xx_HAL_Driver/Src/stm32l1xx_hal.c.obj
 .debug_line    0x00001f57      0x779 CMakeFiles/target.elf.dir/Drivers/STM32L1xx_HAL_Driver/Src/stm32l1xx_hal_cortex.c.obj
 .debug_line    0x000026d0      0x4d5 CMakeFiles/target.elf.dir/Drivers/STM32L1xx_HAL_Driver/Src/stm32l1xx_hal_gpio.c.obj
 .debug_line    0x00002ba5     0x352b CMakeFiles/target.elf.dir/Drivers/STM32L1xx_HAL_Driver/Src/stm32l1xx_hal_i2c.c.obj
 .debug_line    0x000060d0      0xa95 CMakeFiles/target.elf.dir/Drivers/STM32L1xx_HAL_Driver/Src/stm32l1xx_hal_rcc.c.obj
 .debug_line    0x00006b65     0x2075 CMakeFiles/target.elf.dir/Drivers/STM32L1xx_HAL_Driver/Src/stm32l1xx_hal_uart.c.obj

.debug_str      0x00000000     0x2fc4
 .debug_str     0x00000000     0x2fc4 CMakeFiles/target.elf.dir/Core/Src/I2C/i2c.c.obj
                                0x687 (size before relaxing)
 .debug_str     0x00002fc4      0x6c2 CMakeFiles/target.elf.dir/Core/Src/LCD/lcd.c.obj
 .debug_str     0x00002fc4      0x63a CMakeFiles/target.elf.dir/Core/Src/UART/serial.c.obj
 .debug_str     0x00002fc4      0x984 CMakeFiles/target.elf.dir/Core/Src/index.c.obj
 .debug_str     0x00002fc4      0xb6f CMakeFiles/target.elf.dir/Core/Src/main.c.obj
 .debug_str     0x00002fc4      0x964 CMakeFiles/target.elf.dir/Core/Src/stm32l1xx_hal_msp.c.obj
 .debug_str     0x00002fc4      0x210 CMakeFiles/target.elf.dir/Core/Src/stm32l1xx_it.c.obj
 .debug_str     0x00002fc4      0x3da CMakeFiles/target.elf.dir/Core/Src/syscalls.c.obj
 .debug_str     0x00002fc4      0x206 CMakeFiles/target.elf.dir/Core/Src/sysmem.c.obj
 .debug_str     0x00002fc4      0x27d CMakeFiles/target.elf.dir/Core/Src/system_stm32l1xx.c.obj
 .debug_str     0x00002fc4       0x87 CMakeFiles/target.elf.dir/Core/Startup/startup_stm32l152retx.s.obj
 .debug_str     0x00002fc4      0x84b CMakeFiles/target.elf.dir/Drivers/STM32L1xx_HAL_Driver/Src/stm32l1xx_hal.c.obj
 .debug_str     0x00002fc4      0xa7c CMakeFiles/target.elf.dir/Drivers/STM32L1xx_HAL_Driver/Src/stm32l1xx_hal_cortex.c.obj
 .debug_str     0x00002fc4      0x3fe CMakeFiles/target.elf.dir/Drivers/STM32L1xx_HAL_Driver/Src/stm32l1xx_hal_gpio.c.obj
 .debug_str     0x00002fc4      0xf98 CMakeFiles/target.elf.dir/Drivers/STM32L1xx_HAL_Driver/Src/stm32l1xx_hal_i2c.c.obj
 .debug_str     0x00002fc4      0x6e1 CMakeFiles/target.elf.dir/Drivers/STM32L1xx_HAL_Driver/Src/stm32l1xx_hal_rcc.c.obj
 .debug_str     0x00002fc4      0xce2 CMakeFiles/target.elf.dir/Drivers/STM32L1xx_HAL_Driver/Src/stm32l1xx_hal_uart.c.obj

.comment        0x00000000       0x44
 .comment       0x00000000       0x44 CMakeFiles/target.elf.dir/Core/Src/I2C/i2c.c.obj
                                 0x45 (size before relaxing)
 .comment       0x00000044       0x45 CMakeFiles/target.elf.dir/Core/Src/LCD/lcd.c.obj
 .comment       0x00000044       0x45 CMakeFiles/target.elf.dir/Core/Src/UART/serial.c.obj
 .comment       0x00000044       0x45 CMakeFiles/target.elf.dir/Core/Src/index.c.obj
 .comment       0x00000044       0x45 CMakeFiles/target.elf.dir/Core/Src/main.c.obj
 .comment       0x00000044       0x45 CMakeFiles/target.elf.dir/Core/Src/stm32l1xx_hal_msp.c.obj
 .comment       0x00000044       0x45 CMakeFiles/target.elf.dir/Core/Src/stm32l1xx_it.c.obj
 .comment       0x00000044       0x45 CMakeFiles/target.elf.dir/Core/Src/syscalls.c.obj
 .comment       0x00000044       0x45 CMakeFiles/target.elf.dir/Core/Src/sysmem.c.obj
 .comment       0x00000044       0x45 CMakeFiles/target.elf.dir/Core/Src/system_stm32l1xx.c.obj
 .comment       0x00000044       0x45 CMakeFiles/target.elf.dir/Drivers/STM32L1xx_HAL_Driver/Src/stm32l1xx_hal.c.obj
 .comment       0x00000044       0x45 CMakeFiles/target.elf.dir/Drivers/STM32L1xx_HAL_Driver/Src/stm32l1xx_hal_cortex.c.obj
 .comment       0x00000044       0x45 CMakeFiles/target.elf.dir/Drivers/STM32L1xx_HAL_Driver/Src/stm32l1xx_hal_gpio.c.obj
 .comment       0x00000044       0x45 CMakeFiles/target.elf.dir/Drivers/STM32L1xx_HAL_Driver/Src/stm32l1xx_hal_i2c.c.obj
 .comment       0x00000044       0x45 CMakeFiles/target.elf.dir/Drivers/STM32L1xx_HAL_Driver/Src/stm32l1xx_hal_rcc.c.obj
 .comment       0x00000044       0x45 CMakeFiles/target.elf.dir/Drivers/STM32L1xx_HAL_Driver/Src/stm32l1xx_hal_uart.c.obj

.debug_frame    0x00000000     0x40f0
 .debug_frame   0x00000000       0x5c CMakeFiles/target.elf.dir/Core/Src/I2C/i2c.c.obj
 .debug_frame   0x0000005c       0x80 CMakeFiles/target.elf.dir/Core/Src/LCD/lcd.c.obj
 .debug_frame   0x000000dc       0xa0 CMakeFiles/target.elf.dir/Core/Src/UART/serial.c.obj
 .debug_frame   0x0000017c       0x70 CMakeFiles/target.elf.dir/Core/Src/index.c.obj
 .debug_frame   0x000001ec       0xc4 CMakeFiles/target.elf.dir/Core/Src/main.c.obj
 .debug_frame   0x000002b0       0xc4 CMakeFiles/target.elf.dir/Core/Src/stm32l1xx_hal_msp.c.obj
 .debug_frame   0x00000374      0x104 CMakeFiles/target.elf.dir/Core/Src/stm32l1xx_it.c.obj
 .debug_frame   0x00000478      0x2ac CMakeFiles/target.elf.dir/Core/Src/syscalls.c.obj
 .debug_frame   0x00000724       0x34 CMakeFiles/target.elf.dir/Core/Src/sysmem.c.obj
 .debug_frame   0x00000758       0x58 CMakeFiles/target.elf.dir/Core/Src/system_stm32l1xx.c.obj
 .debug_frame   0x000007b0      0x33c CMakeFiles/target.elf.dir/Drivers/STM32L1xx_HAL_Driver/Src/stm32l1xx_hal.c.obj
 .debug_frame   0x00000aec      0x498 CMakeFiles/target.elf.dir/Drivers/STM32L1xx_HAL_Driver/Src/stm32l1xx_hal_cortex.c.obj
 .debug_frame   0x00000f84      0x14c CMakeFiles/target.elf.dir/Drivers/STM32L1xx_HAL_Driver/Src/stm32l1xx_hal_gpio.c.obj
 .debug_frame   0x000010d0      0xc84 CMakeFiles/target.elf.dir/Drivers/STM32L1xx_HAL_Driver/Src/stm32l1xx_hal_i2c.c.obj
 .debug_frame   0x00001d54      0x224 CMakeFiles/target.elf.dir/Drivers/STM32L1xx_HAL_Driver/Src/stm32l1xx_hal_rcc.c.obj
 .debug_frame   0x00001f78      0x944 CMakeFiles/target.elf.dir/Drivers/STM32L1xx_HAL_Driver/Src/stm32l1xx_hal_uart.c.obj
 .debug_frame   0x000028bc       0x2c /usr/bin/../lib/gcc/arm-none-eabi/13.2.1/thumb/v7-m/nofp/libgcc.a(_aeabi_uldivmod.o)
 .debug_frame   0x000028e8       0x34 /usr/bin/../lib/gcc/arm-none-eabi/13.2.1/thumb/v7-m/nofp/libgcc.a(_udivmoddi4.o)
 .debug_frame   0x0000291c       0x20 /usr/bin/../lib/gcc/arm-none-eabi/13.2.1/../../../../arm-none-eabi/lib/thumb/v7-m/nofp/libc.a(libc_a-errno.o)
 .debug_frame   0x0000293c       0x5c /usr/bin/../lib/gcc/arm-none-eabi/13.2.1/../../../../arm-none-eabi/lib/thumb/v7-m/nofp/libc.a(libc_a-__call_atexit.o)
 .debug_frame   0x00002998       0x2c /usr/bin/../lib/gcc/arm-none-eabi/13.2.1/../../../../arm-none-eabi/lib/thumb/v7-m/nofp/libc.a(libc_a-memset.o)
 .debug_frame   0x000029c4       0x2c /usr/bin/../lib/gcc/arm-none-eabi/13.2.1/../../../../arm-none-eabi/lib/thumb/v7-m/nofp/libc.a(libc_a-init.o)
 .debug_frame   0x000029f0       0x34 /usr/bin/../lib/gcc/arm-none-eabi/13.2.1/../../../../arm-none-eabi/lib/thumb/v7-m/nofp/libc.a(libc_a-fini.o)
 .debug_frame   0x00002a24       0xb0 /usr/bin/../lib/gcc/arm-none-eabi/13.2.1/../../../../arm-none-eabi/lib/thumb/v7-m/nofp/libc.a(libc_a-lock.o)
 .debug_frame   0x00002ad4       0x20 /usr/bin/../lib/gcc/arm-none-eabi/13.2.1/../../../../arm-none-eabi/lib/thumb/v7-m/nofp/libc.a(libc_a-atexit.o)
 .debug_frame   0x00002af4      0x13c /usr/bin/../lib/gcc/arm-none-eabi/13.2.1/../../../../arm-none-eabi/lib/thumb/v7-m/nofp/libc.a(libc_a-findfp.o)
 .debug_frame   0x00002c30       0x20 /usr/bin/../lib/gcc/arm-none-eabi/13.2.1/../../../../arm-none-eabi/lib/thumb/v7-m/nofp/libc.a(libc_a-strlen-stub.o)
 .debug_frame   0x00002c50       0x94 /usr/bin/../lib/gcc/arm-none-eabi/13.2.1/../../../../arm-none-eabi/lib/thumb/v7-m/nofp/libc.a(libc_a-snprintf.o)
 .debug_frame   0x00002ce4       0x8c /usr/bin/../lib/gcc/arm-none-eabi/13.2.1/../../../../arm-none-eabi/lib/thumb/v7-m/nofp/libc.a(libc_a-stdio.o)
 .debug_frame   0x00002d70       0x34 /usr/bin/../lib/gcc/arm-none-eabi/13.2.1/../../../../arm-none-eabi/lib/thumb/v7-m/nofp/libc.a(libc_a-fwalk.o)
 .debug_frame   0x00002da4       0x2c /usr/bin/../lib/gcc/arm-none-eabi/13.2.1/../../../../arm-none-eabi/lib/thumb/v7-m/nofp/libc.a(libc_a-writer.o)
 .debug_frame   0x00002dd0       0x44 /usr/bin/../lib/gcc/arm-none-eabi/13.2.1/../../../../arm-none-eabi/lib/thumb/v7-m/nofp/libc.a(libc_a-svfprintf.o)
 .debug_frame   0x00002e14       0x34 /usr/bin/../lib/gcc/arm-none-eabi/13.2.1/../../../../arm-none-eabi/lib/thumb/v7-m/nofp/libc.a(libc_a-__atexit.o)
 .debug_frame   0x00002e48       0x48 /usr/bin/../lib/gcc/arm-none-eabi/13.2.1/../../../../arm-none-eabi/lib/thumb/v7-m/nofp/libc.a(libc_a-mallocr.o)
 .debug_frame   0x00002e90       0x60 /usr/bin/../lib/gcc/arm-none-eabi/13.2.1/../../../../arm-none-eabi/lib/thumb/v7-m/nofp/libc.a(libc_a-wcrtomb.o)
 .debug_frame   0x00002ef0       0xdc /usr/bin/../lib/gcc/arm-none-eabi/13.2.1/../../../../arm-none-eabi/lib/thumb/v7-m/nofp/libc.a(libc_a-locale.o)
 .debug_frame   0x00002fcc       0x40 /usr/bin/../lib/gcc/arm-none-eabi/13.2.1/../../../../arm-none-eabi/lib/thumb/v7-m/nofp/libc.a(libc_a-localeconv.o)
 .debug_frame   0x0000300c       0x3c /usr/bin/../lib/gcc/arm-none-eabi/13.2.1/../../../../arm-none-eabi/lib/thumb/v7-m/nofp/libc.a(libc_a-fclose.o)
 .debug_frame   0x00003048       0x28 /usr/bin/../lib/gcc/arm-none-eabi/13.2.1/../../../../arm-none-eabi/lib/thumb/v7-m/nofp/libc.a(libc_a-sysconf.o)
 .debug_frame   0x00003070       0x30 /usr/bin/../lib/gcc/arm-none-eabi/13.2.1/../../../../arm-none-eabi/lib/thumb/v7-m/nofp/libc.a(libc_a-mlock.o)
 .debug_frame   0x000030a0       0x50 /usr/bin/../lib/gcc/arm-none-eabi/13.2.1/../../../../arm-none-eabi/lib/thumb/v7-m/nofp/libc.a(libc_a-wcsrtombs.o)
 .debug_frame   0x000030f0       0x84 /usr/bin/../lib/gcc/arm-none-eabi/13.2.1/../../../../arm-none-eabi/lib/thumb/v7-m/nofp/libc.a(libc_a-dtoa.o)
 .debug_frame   0x00003174       0x20 /usr/bin/../lib/gcc/arm-none-eabi/13.2.1/../../../../arm-none-eabi/lib/thumb/v7-m/nofp/libc.a(libc_a-ctype_.o)
 .debug_frame   0x00003194       0x2c /usr/bin/../lib/gcc/arm-none-eabi/13.2.1/../../../../arm-none-eabi/lib/thumb/v7-m/nofp/libc.a(libc_a-closer.o)
 .debug_frame   0x000031c0       0x3c /usr/bin/../lib/gcc/arm-none-eabi/13.2.1/../../../../arm-none-eabi/lib/thumb/v7-m/nofp/libc.a(libc_a-reent.o)
 .debug_frame   0x000031fc       0x70 /usr/bin/../lib/gcc/arm-none-eabi/13.2.1/../../../../arm-none-eabi/lib/thumb/v7-m/nofp/libc.a(libc_a-fflush.o)
 .debug_frame   0x0000326c       0x2c /usr/bin/../lib/gcc/arm-none-eabi/13.2.1/../../../../arm-none-eabi/lib/thumb/v7-m/nofp/libc.a(libc_a-memchr-stub.o)
 .debug_frame   0x00003298       0x30 /usr/bin/../lib/gcc/arm-none-eabi/13.2.1/../../../../arm-none-eabi/lib/thumb/v7-m/nofp/libc.a(libm_a-s_frexp.o)
 .debug_frame   0x000032c8       0x78 /usr/bin/../lib/gcc/arm-none-eabi/13.2.1/../../../../arm-none-eabi/lib/thumb/v7-m/nofp/libc.a(libc_a-freer.o)
 .debug_frame   0x00003340       0x28 /usr/bin/../lib/gcc/arm-none-eabi/13.2.1/../../../../arm-none-eabi/lib/thumb/v7-m/nofp/libc.a(libc_a-strncpy.o)
 .debug_frame   0x00003368       0x2c /usr/bin/../lib/gcc/arm-none-eabi/13.2.1/../../../../arm-none-eabi/lib/thumb/v7-m/nofp/libc.a(libc_a-lseekr.o)
 .debug_frame   0x00003394       0x2c /usr/bin/../lib/gcc/arm-none-eabi/13.2.1/../../../../arm-none-eabi/lib/thumb/v7-m/nofp/libc.a(libc_a-readr.o)
 .debug_frame   0x000033c0       0x9c /usr/bin/../lib/gcc/arm-none-eabi/13.2.1/../../../../arm-none-eabi/lib/thumb/v7-m/nofp/libc.a(libc_a-wctomb_r.o)
 .debug_frame   0x0000345c       0x2c /usr/bin/../lib/gcc/arm-none-eabi/13.2.1/../../../../arm-none-eabi/lib/thumb/v7-m/nofp/libc.a(libc_a-sbrkr.o)
 .debug_frame   0x00003488       0x74 /usr/bin/../lib/gcc/arm-none-eabi/13.2.1/../../../../arm-none-eabi/lib/thumb/v7-m/nofp/libc.a(libc_a-svfiprintf.o)
 .debug_frame   0x000034fc      0x130 /usr/bin/../lib/gcc/arm-none-eabi/13.2.1/../../../../arm-none-eabi/lib/thumb/v7-m/nofp/libc.a(libc_a-mbtowc_r.o)
 .debug_frame   0x0000362c       0x40 /usr/bin/../lib/gcc/arm-none-eabi/13.2.1/../../../../arm-none-eabi/lib/thumb/v7-m/nofp/libc.a(libc_a-memmove.o)
 .debug_frame   0x0000366c       0x40 /usr/bin/../lib/gcc/arm-none-eabi/13.2.1/../../../../arm-none-eabi/lib/thumb/v7-m/nofp/libc.a(libc_a-assert.o)
 .debug_frame   0x000036ac      0x270 /usr/bin/../lib/gcc/arm-none-eabi/13.2.1/../../../../arm-none-eabi/lib/thumb/v7-m/nofp/libc.a(libc_a-mprec.o)
 .debug_frame   0x0000391c       0x2c /usr/bin/../lib/gcc/arm-none-eabi/13.2.1/../../../../arm-none-eabi/lib/thumb/v7-m/nofp/libc.a(libc_a-callocr.o)
 .debug_frame   0x00003948       0x8c /usr/bin/../lib/gcc/arm-none-eabi/13.2.1/../../../../arm-none-eabi/lib/thumb/v7-m/nofp/libc.a(libc_a-wcsnrtombs.o)
 .debug_frame   0x000039d4       0x48 /usr/bin/../lib/gcc/arm-none-eabi/13.2.1/../../../../arm-none-eabi/lib/thumb/v7-m/nofp/libc.a(libc_a-reallocr.o)
 .debug_frame   0x00003a1c       0x6c /usr/bin/../lib/gcc/arm-none-eabi/13.2.1/../../../../arm-none-eabi/lib/thumb/v7-m/nofp/libc.a(libc_a-fiprintf.o)
 .debug_frame   0x00003a88       0xd0 /usr/bin/../lib/gcc/arm-none-eabi/13.2.1/../../../../arm-none-eabi/lib/thumb/v7-m/nofp/libc.a(libc_a-vfiprintf.o)
 .debug_frame   0x00003b58       0x28 /usr/bin/../lib/gcc/arm-none-eabi/13.2.1/../../../../arm-none-eabi/lib/thumb/v7-m/nofp/libc.a(libc_a-abort.o)
 .debug_frame   0x00003b80       0x2c /usr/bin/../lib/gcc/arm-none-eabi/13.2.1/../../../../arm-none-eabi/lib/thumb/v7-m/nofp/libc.a(libc_a-wsetup.o)
 .debug_frame   0x00003bac       0x70 /usr/bin/../lib/gcc/arm-none-eabi/13.2.1/../../../../arm-none-eabi/lib/thumb/v7-m/nofp/libc.a(libc_a-makebuf.o)
 .debug_frame   0x00003c1c       0x2c /usr/bin/../lib/gcc/arm-none-eabi/13.2.1/../../../../arm-none-eabi/lib/thumb/v7-m/nofp/libc.a(libc_a-fstatr.o)